Archive member included because of file (symbol)

d:/program files (x86)/truestudio for stmicroelectronics stm32 lite 2.3.0/armtools/bin/../lib/gcc/arm-atollic-eabi/4.5.1/../../../../arm-atollic-eabi/lib/thumb/cortex-m4/fpv4-sp-d16\libc.a(lib_a-init.o)
                              src\startup_stm32f4xx.o (__libc_init_array)

Allocating common symbols
Common symbol       size              file

usbd_cdc_OtherCfgDesc
                    0x43              Libraries\STM32_USB_Device_Library\Class\cdc\src\usbd_cdc_core.o
USB_Rx_Buffer       0x40              Libraries\STM32_USB_Device_Library\Class\cdc\src\usbd_cdc_core.o
CmdBuff             0x8               Libraries\STM32_USB_Device_Library\Class\cdc\src\usbd_cdc_core.o
USB_OTG_dev         0x5f0             src\main.o
APP_Rx_Buffer       0x800             Libraries\STM32_USB_Device_Library\Class\cdc\src\usbd_cdc_core.o
NVIC_InitStructure  0x4               src\stm32f4_discovery.o
USBD_StrDesc        0x32              Libraries\STM32_USB_Device_Library\Core\src\usbd_req.o

Discarded input sections

 .text          0x00000000        0x0 d:/program files (x86)/truestudio for stmicroelectronics stm32 lite 2.3.0/armtools/bin/../lib/gcc/arm-atollic-eabi/4.5.1/thumb/cortex-m4/fpv4-sp-d16/crti.o
 .data          0x00000000        0x0 d:/program files (x86)/truestudio for stmicroelectronics stm32 lite 2.3.0/armtools/bin/../lib/gcc/arm-atollic-eabi/4.5.1/thumb/cortex-m4/fpv4-sp-d16/crti.o
 .bss           0x00000000        0x0 d:/program files (x86)/truestudio for stmicroelectronics stm32 lite 2.3.0/armtools/bin/../lib/gcc/arm-atollic-eabi/4.5.1/thumb/cortex-m4/fpv4-sp-d16/crti.o
 .data          0x00000000        0x4 d:/program files (x86)/truestudio for stmicroelectronics stm32 lite 2.3.0/armtools/bin/../lib/gcc/arm-atollic-eabi/4.5.1/thumb/cortex-m4/fpv4-sp-d16/crtbegin.o
 .text          0x00000000        0x0 src\usbd_usr.o
 .data          0x00000000        0x0 src\usbd_usr.o
 .bss           0x00000000        0x0 src\usbd_usr.o
 .text          0x00000000        0x0 src\usbd_desc.o
 .data          0x00000000        0x0 src\usbd_desc.o
 .bss           0x00000000        0x0 src\usbd_desc.o
 .data.USBD_DeviceQualifierDesc
                0x00000000        0xc src\usbd_desc.o
 .text          0x00000000        0x0 src\usbd_cdc.o
 .data          0x00000000        0x0 src\usbd_cdc.o
 .bss           0x00000000        0x0 src\usbd_cdc.o
 .text          0x00000000        0x0 src\usb_bsp.o
 .data          0x00000000        0x0 src\usb_bsp.o
 .bss           0x00000000        0x0 src\usb_bsp.o
 .text          0x00000000        0x0 src\system_stm32f4xx.o
 .data          0x00000000        0x0 src\system_stm32f4xx.o
 .bss           0x00000000        0x0 src\system_stm32f4xx.o
 .data.SystemCoreClock
                0x00000000        0x4 src\system_stm32f4xx.o
 .data.AHBPrescTable
                0x00000000       0x10 src\system_stm32f4xx.o
 .text.SystemCoreClockUpdate
                0x00000000      0x178 src\system_stm32f4xx.o
 .text          0x00000000        0x0 src\stm32f4xx_it.o
 .data          0x00000000        0x0 src\stm32f4xx_it.o
 .bss           0x00000000        0x0 src\stm32f4xx_it.o
 .text          0x00000000        0x0 src\stm32f4_discovery.o
 .data          0x00000000        0x0 src\stm32f4_discovery.o
 .bss           0x00000000        0x0 src\stm32f4_discovery.o
 .text.STM32F4_Discovery_PBGetState
                0x00000000       0x3c src\stm32f4_discovery.o
 COMMON         0x00000000        0x4 src\stm32f4_discovery.o
 .text          0x00000000       0x14 src\startup_stm32f4xx.o
 .data          0x00000000        0x0 src\startup_stm32f4xx.o
 .bss           0x00000000        0x0 src\startup_stm32f4xx.o
 .text          0x00000000        0x0 src\main.o
 .data          0x00000000        0x0 src\main.o
 .bss           0x00000000        0x0 src\main.o
 .text          0x00000000        0x0 Libraries\STM32_USB_OTG_Driver\src\usb_dcd_int.o
 .data          0x00000000        0x0 Libraries\STM32_USB_OTG_Driver\src\usb_dcd_int.o
 .bss           0x00000000        0x0 Libraries\STM32_USB_OTG_Driver\src\usb_dcd_int.o
 .text          0x00000000        0x0 Libraries\STM32_USB_OTG_Driver\src\usb_dcd.o
 .data          0x00000000        0x0 Libraries\STM32_USB_OTG_Driver\src\usb_dcd.o
 .bss           0x00000000        0x0 Libraries\STM32_USB_OTG_Driver\src\usb_dcd.o
 .text.DCD_EP_Flush
                0x00000000       0x38 Libraries\STM32_USB_OTG_Driver\src\usb_dcd.o
 .text.DCD_DevConnect
                0x00000000       0x30 Libraries\STM32_USB_OTG_Driver\src\usb_dcd.o
 .text.DCD_DevDisconnect
                0x00000000       0x30 Libraries\STM32_USB_OTG_Driver\src\usb_dcd.o
 .text.DCD_GetEPStatus
                0x00000000       0x68 Libraries\STM32_USB_OTG_Driver\src\usb_dcd.o
 .text.DCD_SetEPStatus
                0x00000000       0x60 Libraries\STM32_USB_OTG_Driver\src\usb_dcd.o
[...]
Memory Configuration

Name             Origin             Length             Attributes
FLASH            0x08000000         0x00100000         xr
RAM              0x20000000         0x00020000         xrw
MEMORY_B1        0x60000000         0x00000000         xr
*default*        0x00000000         0xffffffff

Linker script and memory map

LOAD d:/program files (x86)/truestudio for stmicroelectronics stm32 lite 2.3.0/armtools/bin/../lib/gcc/arm-atollic-eabi/4.5.1/thumb/cortex-m4/fpv4-sp-d16/crti.o
LOAD d:/program files (x86)/truestudio for stmicroelectronics stm32 lite 2.3.0/armtools/bin/../lib/gcc/arm-atollic-eabi/4.5.1/thumb/cortex-m4/fpv4-sp-d16/crtbegin.o
LOAD src\usbd_usr.o
LOAD src\usbd_desc.o
LOAD src\usbd_cdc.o
LOAD src\usb_bsp.o
LOAD src\system_stm32f4xx.o
LOAD src\stm32f4xx_it.o
LOAD src\stm32f4_discovery.o
LOAD src\startup_stm32f4xx.o
LOAD src\main.o
LOAD Libraries\STM32_USB_OTG_Driver\src\usb_dcd_int.o
LOAD Libraries\STM32_USB_OTG_Driver\src\usb_dcd.o
LOAD Libraries\STM32_USB_OTG_Driver\src\usb_core.o
LOAD Libraries\STM32_USB_Device_Library\Core\src\usbd_req.o
LOAD Libraries\STM32_USB_Device_Library\Core\src\usbd_ioreq.o
LOAD Libraries\STM32_USB_Device_Library\Core\src\usbd_core.o
LOAD Libraries\STM32_USB_Device_Library\Class\cdc\src\usbd_cdc_core.o
LOAD Libraries\STM32F4xx_StdPeriph_Driver\src\stm32f4xx_wwdg.o
LOAD Libraries\STM32F4xx_StdPeriph_Driver\src\stm32f4xx_usart.o
LOAD Libraries\STM32F4xx_StdPeriph_Driver\src\stm32f4xx_tim.o
LOAD Libraries\STM32F4xx_StdPeriph_Driver\src\stm32f4xx_syscfg.o
LOAD Libraries\STM32F4xx_StdPeriph_Driver\src\stm32f4xx_spi.o
LOAD Libraries\STM32F4xx_StdPeriph_Driver\src\stm32f4xx_sdio.o
LOAD Libraries\STM32F4xx_StdPeriph_Driver\src\stm32f4xx_rtc.o
LOAD Libraries\STM32F4xx_StdPeriph_Driver\src\stm32f4xx_rng.o
LOAD Libraries\STM32F4xx_StdPeriph_Driver\src\stm32f4xx_rcc.o
LOAD Libraries\STM32F4xx_StdPeriph_Driver\src\stm32f4xx_pwr.o
LOAD Libraries\STM32F4xx_StdPeriph_Driver\src\stm32f4xx_iwdg.o
LOAD Libraries\STM32F4xx_StdPeriph_Driver\src\stm32f4xx_i2c.o
LOAD Libraries\STM32F4xx_StdPeriph_Driver\src\stm32f4xx_hash_sha1.o
LOAD Libraries\STM32F4xx_StdPeriph_Driver\src\stm32f4xx_hash_md5.o
LOAD Libraries\STM32F4xx_StdPeriph_Driver\src\stm32f4xx_hash.o
LOAD Libraries\STM32F4xx_StdPeriph_Driver\src\stm32f4xx_gpio.o
LOAD Libraries\STM32F4xx_StdPeriph_Driver\src\stm32f4xx_fsmc.o
LOAD Libraries\STM32F4xx_StdPeriph_Driver\src\stm32f4xx_flash.o
LOAD Libraries\STM32F4xx_StdPeriph_Driver\src\stm32f4xx_exti.o
LOAD Libraries\STM32F4xx_StdPeriph_Driver\src\stm32f4xx_dma.o
LOAD Libraries\STM32F4xx_StdPeriph_Driver\src\stm32f4xx_dcmi.o
LOAD Libraries\STM32F4xx_StdPeriph_Driver\src\stm32f4xx_dbgmcu.o
LOAD Libraries\STM32F4xx_StdPeriph_Driver\src\stm32f4xx_dac.o
LOAD Libraries\STM32F4xx_StdPeriph_Driver\src\stm32f4xx_cryp_tdes.o
LOAD Libraries\STM32F4xx_StdPeriph_Driver\src\stm32f4xx_cryp_des.o
LOAD Libraries\STM32F4xx_StdPeriph_Driver\src\stm32f4xx_cryp_aes.o
LOAD Libraries\STM32F4xx_StdPeriph_Driver\src\stm32f4xx_cryp.o
LOAD Libraries\STM32F4xx_StdPeriph_Driver\src\stm32f4xx_crc.o
LOAD Libraries\STM32F4xx_StdPeriph_Driver\src\stm32f4xx_can.o
LOAD Libraries\STM32F4xx_StdPeriph_Driver\src\stm32f4xx_adc.o
LOAD Libraries\STM32F4xx_StdPeriph_Driver\src\misc.o
                0x00001000                malloc_getpagesize_P = 0x1000
START GROUP
LOAD d:/program files (x86)/truestudio for stmicroelectronics stm32 lite 2.3.0/armtools/bin/../lib/gcc/arm-atollic-eabi/4.5.1/thumb/cortex-m4/fpv4-sp-d16\libgcc.a
LOAD d:/program files (x86)/truestudio for stmicroelectronics stm32 lite 2.3.0/armtools/bin/../lib/gcc/arm-atollic-eabi/4.5.1/../../../../arm-atollic-eabi/lib/thumb/cortex-m4/fpv4-sp-d16\libc.a
END GROUP
LOAD d:/program files (x86)/truestudio for stmicroelectronics stm32 lite 2.3.0/armtools/bin/../lib/gcc/arm-atollic-eabi/4.5.1/thumb/cortex-m4/fpv4-sp-d16/crtend.o
LOAD d:/program files (x86)/truestudio for stmicroelectronics stm32 lite 2.3.0/armtools/bin/../lib/gcc/arm-atollic-eabi/4.5.1/thumb/cortex-m4/fpv4-sp-d16/crtn.o
                0x20020000                _estack = 0x20020000
                0x00000000                _Min_Heap_Size = 0x0
                0x00000400                _Min_Stack_Size = 0x400

.isr_vector     0x08000000      0x188
                0x08000000                . = ALIGN (0x4)
 *(.isr_vector)
 .isr_vector    0x08000000      0x188 src\startup_stm32f4xx.o
                0x08000000                g_pfnVectors
                0x08000188                . = ALIGN (0x4)

.text           0x08000188     0x502c
                0x08000188                . = ALIGN (0x4)
 *(.text)
 .text          0x08000188       0x30 d:/program files (x86)/truestudio for stmicroelectronics stm32 lite 2.3.0/armtools/bin/../lib/gcc/arm-atollic-eabi/4.5.1/thumb/cortex-m4/fpv4-sp-d16/crtbegin.o
 *(.text*)
 .text.USBD_USR_Init
                0x080001b8       0x10 src\usbd_usr.o
                0x080001b8                USBD_USR_Init
 .text.USBD_USR_DeviceReset
                0x080001c8       0x14 src\usbd_usr.o
                0x080001c8                USBD_USR_DeviceReset
 .text.USBD_USR_DeviceConfigured
                0x080001dc       0x10 src\usbd_usr.o
                0x080001dc                USBD_USR_DeviceConfigured
 .text.USBD_USR_DeviceSuspended
                0x080001ec       0x10 src\usbd_usr.o
                0x080001ec                USBD_USR_DeviceSuspended
 .text.USBD_USR_DeviceResumed
                0x080001fc       0x10 src\usbd_usr.o
                0x080001fc                USBD_USR_DeviceResumed
 .text.USBD_USR_DeviceDescriptor
                0x0800020c       0x28 src\usbd_desc.o
                0x0800020c                USBD_USR_DeviceDescriptor
 .text.USBD_USR_LangIDStrDescriptor
                0x08000234       0x28 src\usbd_desc.o
                0x08000234                USBD_USR_LangIDStrDescriptor
 .text.USBD_USR_ProductStrDescriptor
                0x0800025c       0x54 src\usbd_desc.o
                0x0800025c                USBD_USR_ProductStrDescriptor
 .text.USBD_USR_ManufacturerStrDescriptor
                0x080002b0       0x34 src\usbd_desc.o
                0x080002b0                USBD_USR_ManufacturerStrDescriptor
 .text.USBD_USR_SerialStrDescriptor
                0x080002e4       0x54 src\usbd_desc.o
                0x080002e4                USBD_USR_SerialStrDescriptor
 .text.USBD_USR_ConfigStrDescriptor
                0x08000338       0x54 src\usbd_desc.o
                0x08000338                USBD_USR_ConfigStrDescriptor
 .text.USBD_USR_InterfaceStrDescriptor
                0x0800038c       0x54 src\usbd_desc.o
                0x0800038c                USBD_USR_InterfaceStrDescriptor
 .text.cdc_Init
                0x080003e0       0x10 src\usbd_cdc.o
 .text.cdc_DeInit
                0x080003f0       0x10 src\usbd_cdc.o
 .text.cdc_Ctrl
                0x08000400       0xbc src\usbd_cdc.o
 .text.cdc_DataTx
                0x080004bc       0x84 src\usbd_cdc.o
 .text.cdc_DataRx
                0x08000540       0x7c src\usbd_cdc.o
 .text.DISCOVERY_EXTI_IRQHandler
                0x080005bc       0x30 src\usbd_cdc.o
                0x080005bc                DISCOVERY_EXTI_IRQHandler
 .text.USB_OTG_BSP_Init
                0x080005ec      0x108 src\usb_bsp.o
                0x080005ec                USB_OTG_BSP_Init
 .text.USB_OTG_BSP_EnableInterrupt
                0x080006f4       0x3c src\usb_bsp.o
                0x080006f4                USB_OTG_BSP_EnableInterrupt
 .text.USB_OTG_BSP_uDelay
                0x08000730       0x58 src\usb_bsp.o
                0x08000730                USB_OTG_BSP_uDelay
 .text.USB_OTG_BSP_mDelay
                0x08000788       0x20 src\usb_bsp.o
                0x08000788                USB_OTG_BSP_mDelay
 .text.SystemInit
                0x080007a8       0x94 src\system_stm32f4xx.o
                0x080007a8                SystemInit
 .text.SetSysClock
                0x0800083c      0x188 src\system_stm32f4xx.o
 .text.NMI_Handler
                0x080009c4        0xc src\stm32f4xx_it.o
                0x080009c4                NMI_Handler
 .text.HardFault_Handler
                0x080009d0        0x8 src\stm32f4xx_it.o
                0x080009d0                HardFault_Handler
 .text.MemManage_Handler
                0x080009d8        0x8 src\stm32f4xx_it.o
                0x080009d8                MemManage_Handler
 .text.BusFault_Handler
                0x080009e0        0x8 src\stm32f4xx_it.o
                0x080009e0                BusFault_Handler
 .text.UsageFault_Handler
                0x080009e8        0x8 src\stm32f4xx_it.o
                0x080009e8                UsageFault_Handler
 .text.SVC_Handler
                0x080009f0        0xc src\stm32f4xx_it.o
                0x080009f0                SVC_Handler
 .text.DebugMon_Handler
                0x080009fc        0xc src\stm32f4xx_it.o
                0x080009fc                DebugMon_Handler
 .text.PendSV_Handler
                0x08000a08        0xc src\stm32f4xx_it.o
                0x08000a08                PendSV_Handler
 .text.SysTick_Handler
                0x08000a14        0xc src\stm32f4xx_it.o
                0x08000a14                SysTick_Handler
 .text.OTG_FS_WKUP_IRQHandler
                0x08000a20       0x44 src\stm32f4xx_it.o
                0x08000a20                OTG_FS_WKUP_IRQHandler
 .text.OTG_FS_IRQHandler
                0x08000a64       0x14 src\stm32f4xx_it.o
                0x08000a64                OTG_FS_IRQHandler
 .text.EXTI0_IRQHandler
                0x08000a78       0x14 src\stm32f4xx_it.o
                0x08000a78                EXTI0_IRQHandler
 .text.STM32F4_Discovery_LEDInit
                0x08000a8c       0x6c src\stm32f4_discovery.o
                0x08000a8c                STM32F4_Discovery_LEDInit
 .text.STM32F4_Discovery_LEDOn
                0x08000af8       0x34 src\stm32f4_discovery.o
                0x08000af8                STM32F4_Discovery_LEDOn
 .text.STM32F4_Discovery_LEDOff
                0x08000b2c       0x34 src\stm32f4_discovery.o
                0x08000b2c                STM32F4_Discovery_LEDOff
 .text.STM32F4_Discovery_LEDToggle
                0x08000b60       0x48 src\stm32f4_discovery.o
                0x08000b60                STM32F4_Discovery_LEDToggle
 .text.STM32F4_Discovery_PBInit
                0x08000ba8       0xec src\stm32f4_discovery.o
                0x08000ba8                STM32F4_Discovery_PBInit
 .text.Reset_Handler
                0x08000c94       0x48 src\startup_stm32f4xx.o
                0x08000c94                Reset_Handler
 .text.Default_Handler
                0x08000cdc        0x2 src\startup_stm32f4xx.o
                0x08000cdc                RTC_Alarm_IRQHandler
                0x08000cdc                HASH_RNG_IRQHandler
                0x08000cdc                EXTI2_IRQHandler
                0x08000cdc                TIM8_CC_IRQHandler
                0x08000cdc                TIM1_CC_IRQHandler
                0x08000cdc                DMA2_Stream5_IRQHandler
                0x08000cdc                DMA1_Stream5_IRQHandler
                0x08000cdc                PVD_IRQHandler
                0x08000cdc                SDIO_IRQHandler
                0x08000cdc                TAMP_STAMP_IRQHandler
                0x08000cdc                CAN2_RX1_IRQHandler
                0x08000cdc                EXTI3_IRQHandler
                0x08000cdc                TIM8_TRG_COM_TIM14_IRQHandler
                0x08000cdc                TIM1_UP_TIM10_IRQHandler
                0x08000cdc                TIM8_UP_TIM13_IRQHandler
                0x08000cdc                I2C3_ER_IRQHandler
                0x08000cdc                I2C2_EV_IRQHandler
                0x08000cdc                DMA1_Stream2_IRQHandler
                0x08000cdc                CAN1_RX0_IRQHandler
                0x08000cdc                FPU_IRQHandler
                0x08000cdc                OTG_HS_WKUP_IRQHandler
                0x08000cdc                CAN2_SCE_IRQHandler
                0x08000cdc                DMA2_Stream2_IRQHandler
                0x08000cdc                SPI1_IRQHandler
                0x08000cdc                TIM6_DAC_IRQHandler
                0x08000cdc                TIM1_BRK_TIM9_IRQHandler
                0x08000cdc                DCMI_IRQHandler
                0x08000cdc                CAN2_RX0_IRQHandler
                0x08000cdc                DMA2_Stream3_IRQHandler
                0x08000cdc                USART6_IRQHandler
                0x08000cdc                USART3_IRQHandler
                0x08000cdc                CRYP_IRQHandler
                0x08000cdc                CAN1_RX1_IRQHandler
                0x08000cdc                UART5_IRQHandler
                0x08000cdc                DMA2_Stream0_IRQHandler
                0x08000cdc                TIM4_IRQHandler
                0x08000cdc                I2C1_EV_IRQHandler
                0x08000cdc                DMA1_Stream6_IRQHandler
                0x08000cdc                DMA1_Stream1_IRQHandler
                0x08000cdc                UART4_IRQHandler
                0x08000cdc                TIM3_IRQHandler
                0x08000cdc                RCC_IRQHandler
                0x08000cdc                TIM8_BRK_TIM12_IRQHandler
                0x08000cdc                Default_Handler
                0x08000cdc                EXTI15_10_IRQHandler
                0x08000cdc                ADC_IRQHandler
                0x08000cdc                DMA1_Stream7_IRQHandler
                0x08000cdc                TIM7_IRQHandler
                0x08000cdc                CAN2_TX_IRQHandler
                0x08000cdc                TIM5_IRQHandler
                0x08000cdc                DMA2_Stream7_IRQHandler
                0x08000cdc                I2C3_EV_IRQHandler
                0x08000cdc                EXTI9_5_IRQHandler
                0x08000cdc                RTC_WKUP_IRQHandler
                0x08000cdc                ETH_WKUP_IRQHandler
                0x08000cdc                SPI2_IRQHandler
                0x08000cdc                OTG_HS_EP1_IN_IRQHandler
                0x08000cdc                DMA1_Stream0_IRQHandler
                0x08000cdc                CAN1_TX_IRQHandler
                0x08000cdc                EXTI4_IRQHandler
                0x08000cdc                FSMC_IRQHandler
                0x08000cdc                ETH_IRQHandler
                0x08000cdc                OTG_HS_EP1_OUT_IRQHandler
                0x08000cdc                WWDG_IRQHandler
                0x08000cdc                TIM2_IRQHandler
                0x08000cdc                TIM1_TRG_COM_TIM11_IRQHandler
                0x08000cdc                OTG_HS_IRQHandler
                0x08000cdc                EXTI1_IRQHandler
                0x08000cdc                USART2_IRQHandler
                0x08000cdc                I2C2_ER_IRQHandler
                0x08000cdc                DMA2_Stream1_IRQHandler
                0x08000cdc                CAN1_SCE_IRQHandler
                0x08000cdc                FLASH_IRQHandler
                0x08000cdc                DMA2_Stream4_IRQHandler
                0x08000cdc                USART1_IRQHandler
                0x08000cdc                SPI3_IRQHandler
                0x08000cdc                DMA1_Stream4_IRQHandler
                0x08000cdc                I2C1_ER_IRQHandler
                0x08000cdc                DMA2_Stream6_IRQHandler
                0x08000cdc                DMA1_Stream3_IRQHandler
 *fill*         0x08000cde        0x2 00
 .text.main     0x08000ce0       0xa0 src\main.o
                0x08000ce0                main
 .text.Delay    0x08000d80       0x24 src\main.o
                0x08000d80                Delay
 .text.USBD_OTG_ISR_Handler
                0x08000da4      0x178 Libraries\STM32_USB_OTG_Driver\src\usb_dcd_int.o
                0x08000da4                USBD_OTG_ISR_Handler
 .text.DCD_HandleResume_ISR
                0x08000f1c       0x90 Libraries\STM32_USB_OTG_Driver\src\usb_dcd_int.o
 .text.DCD_HandleUSBSuspend_ISR
                0x08000fac       0xb4 Libraries\STM32_USB_OTG_Driver\src\usb_dcd_int.o
 .text.DCD_HandleInEP_ISR
                0x08001060      0x234 Libraries\STM32_USB_OTG_Driver\src\usb_dcd_int.o
 .text.DCD_HandleOutEP_ISR
                0x08001294      0x1b4 Libraries\STM32_USB_OTG_Driver\src\usb_dcd_int.o
 .text.DCD_HandleSof_ISR
                0x08001448       0x3c Libraries\STM32_USB_OTG_Driver\src\usb_dcd_int.o
 .text.DCD_HandleRxStatusQueueLevel_ISR
                0x08001484      0x120 Libraries\STM32_USB_OTG_Driver\src\usb_dcd_int.o
 .text.DCD_WriteEmptyTxFifo
                0x080015a4      0x100 Libraries\STM32_USB_OTG_Driver\src\usb_dcd_int.o
 .text.DCD_HandleUsbReset_ISR
                0x080016a4      0x168 Libraries\STM32_USB_OTG_Driver\src\usb_dcd_int.o
 .text.DCD_HandleEnumDone_ISR
                0x0800180c       0x88 Libraries\STM32_USB_OTG_Driver\src\usb_dcd_int.o
 .text.DCD_IsoINIncomplete_ISR
                0x08001894       0x3c Libraries\STM32_USB_OTG_Driver\src\usb_dcd_int.o
 .text.DCD_IsoOUTIncomplete_ISR
                0x080018d0       0x3c Libraries\STM32_USB_OTG_Driver\src\usb_dcd_int.o
 .text.DCD_ReadDevInEP
                0x0800190c       0x60 Libraries\STM32_USB_OTG_Driver\src\usb_dcd_int.o
 .text.DCD_Init
                0x0800196c      0x12c Libraries\STM32_USB_OTG_Driver\src\usb_dcd.o
                0x0800196c                DCD_Init
 .text.DCD_EP_Open
                0x08001a98       0xac Libraries\STM32_USB_OTG_Driver\src\usb_dcd.o
                0x08001a98                DCD_EP_Open
 .text.DCD_EP_Close
                0x08001b44       0x7c Libraries\STM32_USB_OTG_Driver\src\usb_dcd.o
                0x08001b44                DCD_EP_Close
 .text.DCD_EP_PrepareRx
                0x08001bc0       0x8c Libraries\STM32_USB_OTG_Driver\src\usb_dcd.o
                0x08001bc0                DCD_EP_PrepareRx
 .text.DCD_EP_Tx
                0x08001c4c       0x84 Libraries\STM32_USB_OTG_Driver\src\usb_dcd.o
                0x08001c4c                DCD_EP_Tx
 .text.DCD_EP_Stall
                0x08001cd0       0x80 Libraries\STM32_USB_OTG_Driver\src\usb_dcd.o
                0x08001cd0                DCD_EP_Stall
 .text.DCD_EP_ClrStall
                0x08001d50       0x80 Libraries\STM32_USB_OTG_Driver\src\usb_dcd.o
                0x08001d50                DCD_EP_ClrStall
 .text.DCD_EP_SetAddress
                0x08001dd0       0x40 Libraries\STM32_USB_OTG_Driver\src\usb_dcd.o
                0x08001dd0                DCD_EP_SetAddress
 .text.USB_OTG_EnableCommonInt
                0x08001e10       0x44 Libraries\STM32_USB_OTG_Driver\src\usb_core.o
 .text.USB_OTG_CoreReset
                0x08001e54       0xa8 Libraries\STM32_USB_OTG_Driver\src\usb_core.o
 .text.USB_OTG_WritePacket
                0x08001efc       0x88 Libraries\STM32_USB_OTG_Driver\src\usb_core.o
                0x08001efc                USB_OTG_WritePacket
 .text.USB_OTG_ReadPacket
                0x08001f84       0x68 Libraries\STM32_USB_OTG_Driver\src\usb_core.o
                0x08001f84                USB_OTG_ReadPacket
 .text.USB_OTG_SelectCore
                0x08001fec      0x1b4 Libraries\STM32_USB_OTG_Driver\src\usb_core.o
                0x08001fec                USB_OTG_SelectCore
 .text.USB_OTG_CoreInit
                0x080021a0      0x1f8 Libraries\STM32_USB_OTG_Driver\src\usb_core.o
                0x080021a0                USB_OTG_CoreInit
 .text.USB_OTG_EnableGlobalInt
                0x08002398       0x40 Libraries\STM32_USB_OTG_Driver\src\usb_core.o
                0x08002398                USB_OTG_EnableGlobalInt
 .text.USB_OTG_DisableGlobalInt
                0x080023d8       0x44 Libraries\STM32_USB_OTG_Driver\src\usb_core.o
                0x080023d8                USB_OTG_DisableGlobalInt
 .text.USB_OTG_FlushTxFifo
                0x0800241c       0x80 Libraries\STM32_USB_OTG_Driver\src\usb_core.o
                0x0800241c                USB_OTG_FlushTxFifo
 .text.USB_OTG_FlushRxFifo
                0x0800249c       0x6c Libraries\STM32_USB_OTG_Driver\src\usb_core.o
                0x0800249c                USB_OTG_FlushRxFifo
 .text.USB_OTG_SetCurrentMode
                0x08002508       0x64 Libraries\STM32_USB_OTG_Driver\src\usb_core.o
                0x08002508                USB_OTG_SetCurrentMode
 .text.USB_OTG_GetMode
                0x0800256c       0x20 Libraries\STM32_USB_OTG_Driver\src\usb_core.o
                0x0800256c                USB_OTG_GetMode
 .text.USB_OTG_IsDeviceMode
                0x0800258c       0x24 Libraries\STM32_USB_OTG_Driver\src\usb_core.o
                0x0800258c                USB_OTG_IsDeviceMode
 .text.USB_OTG_ReadCoreItr
                0x080025b0       0x34 Libraries\STM32_USB_OTG_Driver\src\usb_core.o
                0x080025b0                USB_OTG_ReadCoreItr
 .text.USB_OTG_InitDevSpeed
                0x080025e4       0x38 Libraries\STM32_USB_OTG_Driver\src\usb_core.o
                0x080025e4                USB_OTG_InitDevSpeed
 .text.USB_OTG_CoreInitDev
                0x0800261c      0x2d0 Libraries\STM32_USB_OTG_Driver\src\usb_core.o
                0x0800261c                USB_OTG_CoreInitDev
 .text.USB_OTG_EnableDevInt
                0x080028ec       0xa8 Libraries\STM32_USB_OTG_Driver\src\usb_core.o
                0x080028ec                USB_OTG_EnableDevInt
 .text.USB_OTG_GetDeviceSpeed
                0x08002994       0x50 Libraries\STM32_USB_OTG_Driver\src\usb_core.o
                0x08002994                USB_OTG_GetDeviceSpeed
 .text.USB_OTG_EP0Activate
                0x080029e4       0x84 Libraries\STM32_USB_OTG_Driver\src\usb_core.o
                0x080029e4                USB_OTG_EP0Activate
 .text.USB_OTG_EPActivate
                0x08002a68       0xf8 Libraries\STM32_USB_OTG_Driver\src\usb_core.o
                0x08002a68                USB_OTG_EPActivate
 .text.USB_OTG_EPDeactivate
                0x08002b60       0xa4 Libraries\STM32_USB_OTG_Driver\src\usb_core.o
                0x08002b60                USB_OTG_EPDeactivate
 .text.USB_OTG_EPStartXfer
                0x08002c04      0x2d4 Libraries\STM32_USB_OTG_Driver\src\usb_core.o
                0x08002c04                USB_OTG_EPStartXfer
 .text.USB_OTG_EP0StartXfer
                0x08002ed8      0x208 Libraries\STM32_USB_OTG_Driver\src\usb_core.o
                0x08002ed8                USB_OTG_EP0StartXfer
 .text.USB_OTG_EPSetStall
                0x080030e0       0x94 Libraries\STM32_USB_OTG_Driver\src\usb_core.o
                0x080030e0                USB_OTG_EPSetStall
 .text.USB_OTG_EPClearStall
                0x08003174       0x84 Libraries\STM32_USB_OTG_Driver\src\usb_core.o
                0x08003174                USB_OTG_EPClearStall
 .text.USB_OTG_ReadDevAllOutEp_itr
                0x080031f8       0x30 Libraries\STM32_USB_OTG_Driver\src\usb_core.o
                0x080031f8                USB_OTG_ReadDevAllOutEp_itr
 .text.USB_OTG_ReadDevOutEP_itr
                0x08003228       0x3c Libraries\STM32_USB_OTG_Driver\src\usb_core.o
                0x08003228                USB_OTG_ReadDevOutEP_itr
 .text.USB_OTG_ReadDevAllInEPItr
                0x08003264       0x34 Libraries\STM32_USB_OTG_Driver\src\usb_core.o
                0x08003264                USB_OTG_ReadDevAllInEPItr
 .text.USB_OTG_EP0_OutStart
                0x08003298       0x7c Libraries\STM32_USB_OTG_Driver\src\usb_core.o
                0x08003298                USB_OTG_EP0_OutStart
 .text.USB_OTG_UngateClock
                0x08003314       0x54 Libraries\STM32_USB_OTG_Driver\src\usb_core.o
                0x08003314                USB_OTG_UngateClock
 .text.USBD_StdDevReq
                0x08003368       0xa4 Libraries\STM32_USB_Device_Library\Core\src\usbd_req.o
                0x08003368                USBD_StdDevReq
 .text.USBD_StdItfReq
                0x0800340c       0x70 Libraries\STM32_USB_Device_Library\Core\src\usbd_req.o
                0x0800340c                USBD_StdItfReq
 .text.USBD_StdEPReq
                0x0800347c      0x1d8 Libraries\STM32_USB_Device_Library\Core\src\usbd_req.o
                0x0800347c                USBD_StdEPReq
 .text.USBD_GetDescriptor
                0x08003654      0x1c8 Libraries\STM32_USB_Device_Library\Core\src\usbd_req.o
 .text.USBD_SetAddress
                0x0800381c       0x80 Libraries\STM32_USB_Device_Library\Core\src\usbd_req.o
 .text.USBD_SetConfig
                0x0800389c      0x134 Libraries\STM32_USB_Device_Library\Core\src\usbd_req.o
 .text.USBD_GetConfig
                0x080039d0       0x68 Libraries\STM32_USB_Device_Library\Core\src\usbd_req.o
 .text.USBD_GetStatus
                0x08003a38       0x68 Libraries\STM32_USB_Device_Library\Core\src\usbd_req.o
 .text.USBD_SetFeature
                0x08003aa0       0xe0 Libraries\STM32_USB_Device_Library\Core\src\usbd_req.o
 .text.USBD_ClrFeature
                0x08003b80       0x58 Libraries\STM32_USB_Device_Library\Core\src\usbd_req.o
 .text.USBD_ParseSetupRequest
                0x08003bd8       0xbc Libraries\STM32_USB_Device_Library\Core\src\usbd_req.o
                0x08003bd8                USBD_ParseSetupRequest
 .text.USBD_CtlError
                0x08003c94       0x50 Libraries\STM32_USB_Device_Library\Core\src\usbd_req.o
                0x08003c94                USBD_CtlError
 .text.USBD_GetString
                0x08003ce4       0x9c Libraries\STM32_USB_Device_Library\Core\src\usbd_req.o
                0x08003ce4                USBD_GetString
 .text.USBD_GetLen
                0x08003d80       0x38 Libraries\STM32_USB_Device_Library\Core\src\usbd_req.o
 .text.USBD_CtlSendData
                0x08003db8       0x48 Libraries\STM32_USB_Device_Library\Core\src\usbd_ioreq.o
                0x08003db8                USBD_CtlSendData
 .text.USBD_CtlContinueSendData
                0x08003e00       0x30 Libraries\STM32_USB_Device_Library\Core\src\usbd_ioreq.o
                0x08003e00                USBD_CtlContinueSendData
 .text.USBD_CtlPrepareRx
                0x08003e30       0x48 Libraries\STM32_USB_Device_Library\Core\src\usbd_ioreq.o
                0x08003e30                USBD_CtlPrepareRx
 .text.USBD_CtlContinueRx
                0x08003e78       0x30 Libraries\STM32_USB_Device_Library\Core\src\usbd_ioreq.o
                0x08003e78                USBD_CtlContinueRx
 .text.USBD_CtlSendStatus
                0x08003ea8       0x3c Libraries\STM32_USB_Device_Library\Core\src\usbd_ioreq.o
                0x08003ea8                USBD_CtlSendStatus
 .text.USBD_CtlReceiveStatus
                0x08003ee4       0x3c Libraries\STM32_USB_Device_Library\Core\src\usbd_ioreq.o
                0x08003ee4                USBD_CtlReceiveStatus
 .text.USBD_Init
                0x08003f20       0x58 Libraries\STM32_USB_Device_Library\Core\src\usbd_core.o
                0x08003f20                USBD_Init
 .text.USBD_DeInit
                0x08003f78       0x18 Libraries\STM32_USB_Device_Library\Core\src\usbd_core.o
                0x08003f78                USBD_DeInit
 .text.USBD_SetupStage
                0x08003f90       0x70 Libraries\STM32_USB_Device_Library\Core\src\usbd_core.o
 .text.USBD_DataOutStage
                0x08004000       0xd4 Libraries\STM32_USB_Device_Library\Core\src\usbd_core.o
 .text.USBD_DataInStage
                0x080040d4      0x114 Libraries\STM32_USB_Device_Library\Core\src\usbd_core.o
 .text.USBD_Reset
                0x080041e8       0x54 Libraries\STM32_USB_Device_Library\Core\src\usbd_core.o
 .text.USBD_Resume
                0x0800423c       0x2c Libraries\STM32_USB_Device_Library\Core\src\usbd_core.o
 .text.USBD_Suspend
                0x08004268       0x2c Libraries\STM32_USB_Device_Library\Core\src\usbd_core.o
 .text.USBD_SOF
                0x08004294       0x30 Libraries\STM32_USB_Device_Library\Core\src\usbd_core.o
 .text.USBD_SetCfg
                0x080042c4       0x34 Libraries\STM32_USB_Device_Library\Core\src\usbd_core.o
                0x080042c4                USBD_SetCfg
 .text.USBD_ClrCfg
                0x080042f8       0x2c Libraries\STM32_USB_Device_Library\Core\src\usbd_core.o
                0x080042f8                USBD_ClrCfg
 .text.USBD_IsoINIncomplete
                0x08004324       0x24 Libraries\STM32_USB_Device_Library\Core\src\usbd_core.o
 .text.USBD_IsoOUTIncomplete
                0x08004348       0x24 Libraries\STM32_USB_Device_Library\Core\src\usbd_core.o
 .text.usbd_cdc_Init
                0x0800436c       0xb8 Libraries\STM32_USB_Device_Library\Class\cdc\src\usbd_cdc_core.o
 .text.usbd_cdc_DeInit
                0x08004424       0x4c Libraries\STM32_USB_Device_Library\Class\cdc\src\usbd_cdc_core.o
 .text.usbd_cdc_Setup
                0x08004470      0x160 Libraries\STM32_USB_Device_Library\Class\cdc\src\usbd_cdc_core.o
 .text.usbd_cdc_EP0_RxReady
                0x080045d0       0x60 Libraries\STM32_USB_Device_Library\Class\cdc\src\usbd_cdc_core.o
 .text.usbd_cdc_DataIn
                0x08004630      0x124 Libraries\STM32_USB_Device_Library\Class\cdc\src\usbd_cdc_core.o
 .text.usbd_cdc_DataOut
                0x08004754       0x6c Libraries\STM32_USB_Device_Library\Class\cdc\src\usbd_cdc_core.o
 .text.usbd_cdc_SOF
                0x080047c0       0x50 Libraries\STM32_USB_Device_Library\Class\cdc\src\usbd_cdc_core.o
 .text.Handle_USBAsynchXfer
                0x08004810      0x1a4 Libraries\STM32_USB_Device_Library\Class\cdc\src\usbd_cdc_core.o
 .text.USBD_cdc_GetCfgDesc
                0x080049b4       0x28 Libraries\STM32_USB_Device_Library\Class\cdc\src\usbd_cdc_core.o
 .text.SYSCFG_EXTILineConfig
                0x080049dc       0xb4 Libraries\STM32F4xx_StdPeriph_Driver\src\stm32f4xx_syscfg.o
                0x080049dc                SYSCFG_EXTILineConfig
 .text.RCC_AHB1PeriphClockCmd
                0x08004a90       0x5c Libraries\STM32F4xx_StdPeriph_Driver\src\stm32f4xx_rcc.o
                0x08004a90                RCC_AHB1PeriphClockCmd
 .text.RCC_AHB2PeriphClockCmd
                0x08004aec       0x5c Libraries\STM32F4xx_StdPeriph_Driver\src\stm32f4xx_rcc.o
                0x08004aec                RCC_AHB2PeriphClockCmd
 .text.RCC_APB2PeriphClockCmd
                0x08004b48       0x5c Libraries\STM32F4xx_StdPeriph_Driver\src\stm32f4xx_rcc.o
                0x08004b48                RCC_APB2PeriphClockCmd
 .text.RCC_APB1PeriphResetCmd
                0x08004ba4       0x5c Libraries\STM32F4xx_StdPeriph_Driver\src\stm32f4xx_rcc.o
                0x08004ba4                RCC_APB1PeriphResetCmd
 .text.GPIO_Init
                0x08004c00      0x158 Libraries\STM32F4xx_StdPeriph_Driver\src\stm32f4xx_gpio.o
                0x08004c00                GPIO_Init
 .text.GPIO_PinAFConfig
                0x08004d58       0xb0 Libraries\STM32F4xx_StdPeriph_Driver\src\stm32f4xx_gpio.o
                0x08004d58                GPIO_PinAFConfig
 .text.EXTI_Init
                0x08004e08      0x158 Libraries\STM32F4xx_StdPeriph_Driver\src\stm32f4xx_exti.o
                0x08004e08                EXTI_Init
 .text.EXTI_ClearITPendingBit
                0x08004f60       0x20 Libraries\STM32F4xx_StdPeriph_Driver\src\stm32f4xx_exti.o
                0x08004f60                EXTI_ClearITPendingBit
 .text.NVIC_PriorityGroupConfig
                0x08004f80       0x28 Libraries\STM32F4xx_StdPeriph_Driver\src\misc.o
                0x08004f80                NVIC_PriorityGroupConfig
 .text.NVIC_Init
                0x08004fa8       0xe8 Libraries\STM32F4xx_StdPeriph_Driver\src\misc.o
                0x08004fa8                NVIC_Init
 .text.__libc_init_array
                0x08005090       0x48 d:/program files (x86)/truestudio for stmicroelectronics stm32 lite 2.3.0/armtools/bin/../lib/gcc/arm-atollic-eabi/4.5.1/../../../../arm-atollic-eabi/lib/thumb/cortex-m4/fpv4-sp-d16\libc.a(lib_a-init.o)
                0x08005090                __libc_init_array
 *(.rodata)
 .rodata        0x080050d8       0x8c src\usbd_desc.o
 .rodata        0x08005164        0x8 src\usbd_cdc.o
 *(.rodata*)
 .rodata.GPIO_PIN
                0x0800516c        0x8 src\stm32f4_discovery.o
                0x0800516c                GPIO_PIN
 .rodata.GPIO_CLK
                0x08005174       0x10 src\stm32f4_discovery.o
                0x08005174                GPIO_CLK
 .rodata.BUTTON_PIN
                0x08005184        0x4 src\stm32f4_discovery.o
                0x08005184                BUTTON_PIN
 .rodata.BUTTON_CLK
                0x08005188        0x4 src\stm32f4_discovery.o
                0x08005188                BUTTON_CLK
 .rodata.BUTTON_EXTI_LINE
                0x0800518c        0x4 src\stm32f4_discovery.o
                0x0800518c                BUTTON_EXTI_LINE
 .rodata.BUTTON_PORT_SOURCE
                0x08005190        0x4 src\stm32f4_discovery.o
                0x08005190                BUTTON_PORT_SOURCE
 .rodata.BUTTON_PIN_SOURCE
                0x08005194        0x4 src\stm32f4_discovery.o
                0x08005194                BUTTON_PIN_SOURCE
 .rodata.BUTTON_IRQn
                0x08005198        0x4 src\stm32f4_discovery.o
                0x08005198                BUTTON_IRQn
 *(.glue_7)
 .glue_7        0x00000000        0x0 linker stubs
 *(.glue_7t)
 .glue_7t       0x00000000        0x0 linker stubs
 *(.eh_frame)
 *(.init)
 .init          0x0800519c        0x4 d:/program files (x86)/truestudio for stmicroelectronics stm32 lite 2.3.0/armtools/bin/../lib/gcc/arm-atollic-eabi/4.5.1/thumb/cortex-m4/fpv4-sp-d16/crti.o
                0x0800519c                _init
 .init          0x080051a0        0x8 d:/program files (x86)/truestudio for stmicroelectronics stm32 lite 2.3.0/armtools/bin/../lib/gcc/arm-atollic-eabi/4.5.1/thumb/cortex-m4/fpv4-sp-d16/crtn.o
 *(.fini)
 .fini          0x080051a8        0x4 d:/program files (x86)/truestudio for stmicroelectronics stm32 lite 2.3.0/armtools/bin/../lib/gcc/arm-atollic-eabi/4.5.1/thumb/cortex-m4/fpv4-sp-d16/crti.o
                0x080051a8                _fini
 .fini          0x080051ac        0x8 d:/program files (x86)/truestudio for stmicroelectronics stm32 lite 2.3.0/armtools/bin/../lib/gcc/arm-atollic-eabi/4.5.1/thumb/cortex-m4/fpv4-sp-d16/crtn.o
                0x080051b4                . = ALIGN (0x4)
                0x080051b4                _etext = .

.vfp11_veneer   0x080051b4        0x0
 .vfp11_veneer  0x00000000        0x0 linker stubs

.v4_bx          0x080051b4        0x0
 .v4_bx         0x00000000        0x0 linker stubs

.ARM.extab
 *(.ARM.extab* .gnu.linkonce.armextab.*)

.ARM            0x080051b4        0x0
                0x080051b4                __exidx_start = .
 *(.ARM.exidx*)
                0x080051b4                __exidx_end = .

.preinit_array  0x080051b4        0x0
                0x080051b4                PROVIDE (__preinit_array_start, .)
 *(.preinit_array*)
                0x080051b4                PROVIDE (__preinit_array_end, .)

.init_array     0x080051b4        0x4
                0x080051b4                PROVIDE (__init_array_start, .)
 *(SORT(.init_array.*))
 *(.init_array*)
 .init_array    0x080051b4        0x4 d:/program files (x86)/truestudio for stmicroelectronics stm32 lite 2.3.0/armtools/bin/../lib/gcc/arm-atollic-eabi/4.5.1/thumb/cortex-m4/fpv4-sp-d16/crtbegin.o
                0x080051b8                PROVIDE (__init_array_end, .)

.fini_array     0x080051b8        0x4
                0x080051b8                PROVIDE (__fini_array_start, .)
 *(.fini_array*)
 .fini_array    0x080051b8        0x4 d:/program files (x86)/truestudio for stmicroelectronics stm32 lite 2.3.0/armtools/bin/../lib/gcc/arm-atollic-eabi/4.5.1/thumb/cortex-m4/fpv4-sp-d16/crtbegin.o
 *(SORT(.fini_array.*))
                0x080051bc                PROVIDE (__fini_array_end, .)
                0x080051bc                _sidata = .

.data           0x20000000      0x11c load address 0x080051bc
                0x20000000                . = ALIGN (0x4)
                0x20000000                _sdata = .
 *(.data)
 *(.data*)
 .data.USR_cb   0x20000000       0x1c src\usbd_usr.o
                0x20000000                USR_cb
 .data.USR_desc
                0x2000001c       0x1c src\usbd_desc.o
                0x2000001c                USR_desc
 .data.USBD_DeviceDesc
                0x20000038       0x14 src\usbd_desc.o
                0x20000038                USBD_DeviceDesc
 .data.USBD_LangIDDesc
                0x2000004c        0x4 src\usbd_desc.o
                0x2000004c                USBD_LangIDDesc
 .data.cdc_fops
                0x20000050       0x14 src\usbd_cdc.o
                0x20000050                cdc_fops
 .data.GPIO_PORT
                0x20000064       0x10 src\stm32f4_discovery.o
                0x20000064                GPIO_PORT
 .data.BUTTON_PORT
                0x20000074        0x4 src\stm32f4_discovery.o
                0x20000074                BUTTON_PORT
 .data.USBD_DCD_INT_cb
                0x20000078       0x2c Libraries\STM32_USB_Device_Library\Core\src\usbd_core.o
                0x20000078                USBD_DCD_INT_cb
 .data.USBD_DCD_INT_fops
                0x200000a4        0x4 Libraries\STM32_USB_Device_Library\Core\src\usbd_core.o
                0x200000a4                USBD_DCD_INT_fops
 .data.usbd_cdc_CfgDesc
                0x200000a8       0x44 Libraries\STM32_USB_Device_Library\Class\cdc\src\usbd_cdc_core.o
                0x200000a8                usbd_cdc_CfgDesc
 .data.cdcCmd   0x200000ec        0x4 Libraries\STM32_USB_Device_Library\Class\cdc\src\usbd_cdc_core.o
 .data.USBD_CDC_cb
                0x200000f0       0x2c Libraries\STM32_USB_Device_Library\Class\cdc\src\usbd_cdc_core.o
                0x200000f0                USBD_CDC_cb
                0x2000011c                . = ALIGN (0x4)
                0x2000011c                _edata = .

.jcr            0x2000011c        0x0 load address 0x080052d8
 .jcr           0x2000011c        0x0 d:/program files (x86)/truestudio for stmicroelectronics stm32 lite 2.3.0/armtools/bin/../lib/gcc/arm-atollic-eabi/4.5.1/thumb/cortex-m4/fpv4-sp-d16/crtbegin.o
                0x2000011c                . = ALIGN (0x4)

.bss            0x2000011c      0xee0 load address 0x080052d8
                0x2000011c                _sbss = .
                0x2000011c                __bss_start__ = _sbss
 *(.bss)
 .bss           0x2000011c        0x1 d:/program files (x86)/truestudio for stmicroelectronics stm32 lite 2.3.0/armtools/bin/../lib/gcc/arm-atollic-eabi/4.5.1/thumb/cortex-m4/fpv4-sp-d16/crtbegin.o
 *(.bss*)
 *fill*         0x2000011d        0x3 00
 .bss.USBD_ep_status
                0x20000120        0x4 Libraries\STM32_USB_Device_Library\Core\src\usbd_req.o
                0x20000120                USBD_ep_status
 .bss.USBD_default_cfg
                0x20000124        0x4 Libraries\STM32_USB_Device_Library\Core\src\usbd_req.o
                0x20000124                USBD_default_cfg
 .bss.USBD_cfg_status
                0x20000128        0x4 Libraries\STM32_USB_Device_Library\Core\src\usbd_req.o
                0x20000128                USBD_cfg_status
 .bss.cfgidx.5674
                0x2000012c        0x1 Libraries\STM32_USB_Device_Library\Core\src\usbd_req.o
 *fill*         0x2000012d        0x3 00
 .bss.usbd_cdc_AltSet
                0x20000130        0x4 Libraries\STM32_USB_Device_Library\Class\cdc\src\usbd_cdc_core.o
 .bss.APP_Rx_ptr_in
                0x20000134        0x4 Libraries\STM32_USB_Device_Library\Class\cdc\src\usbd_cdc_core.o
                0x20000134                APP_Rx_ptr_in
 .bss.APP_Rx_ptr_out
                0x20000138        0x4 Libraries\STM32_USB_Device_Library\Class\cdc\src\usbd_cdc_core.o
                0x20000138                APP_Rx_ptr_out
 .bss.APP_Rx_length
                0x2000013c        0x4 Libraries\STM32_USB_Device_Library\Class\cdc\src\usbd_cdc_core.o
                0x2000013c                APP_Rx_length
 .bss.USB_Tx_State
                0x20000140        0x1 Libraries\STM32_USB_Device_Library\Class\cdc\src\usbd_cdc_core.o
                0x20000140                USB_Tx_State
 *fill*         0x20000141        0x3 00
 .bss.cdcLen    0x20000144        0x4 Libraries\STM32_USB_Device_Library\Class\cdc\src\usbd_cdc_core.o
 .bss.FrameCount.5668
                0x20000148        0x4 Libraries\STM32_USB_Device_Library\Class\cdc\src\usbd_cdc_core.o
 *(COMMON)
 COMMON         0x2000014c      0x5f0 src\main.o
                0x2000014c                USB_OTG_dev
 COMMON         0x2000073c       0x32 Libraries\STM32_USB_Device_Library\Core\src\usbd_req.o
                0x2000073c                USBD_StrDesc
 *fill*         0x2000076e        0x2 00
 COMMON         0x20000770      0x88c Libraries\STM32_USB_Device_Library\Class\cdc\src\usbd_cdc_core.o
                0x20000770                usbd_cdc_OtherCfgDesc
                0x200007b4                USB_Rx_Buffer
                0x200007f4                CmdBuff
                0x200007fc                APP_Rx_Buffer
                0x20000ffc                . = ALIGN (0x4)
                0x20000ffc                _ebss = .
                0x20000ffc                __bss_end__ = _ebss

._user_heap_stack
                0x20000ffc      0x400 load address 0x080052d8
                0x20000ffc                . = ALIGN (0x4)
                0x20000ffc                PROVIDE (end, .)
                0x20000ffc                PROVIDE (_end, .)
                0x20000ffc                . = (. + _Min_Heap_Size)
                0x200013fc                . = (. + _Min_Stack_Size)
 *fill*         0x20000ffc      0x400 00
                0x200013fc                . = ALIGN (0x4)

.memory_b1_text
 *(.mb1text)
 *(.mb1text*)
 *(.mb1rodata)
 *(.mb1rodata*)

/DISCARD/
 libc.a(*)
 libm.a(*)
 libgcc.a(*)

.ARM.attributes
                0x00000000       0x33
 *(.ARM.attributes)
 .ARM.attributes
                0x00000000       0x27 d:/program files (x86)/truestudio for stmicroelectronics stm32 lite 2.3.0/armtools/bin/../lib/gcc/arm-atollic-eabi/4.5.1/thumb/cortex-m4/fpv4-sp-d16/crti.o
 .ARM.attributes
                0x00000027       0x31 d:/program files (x86)/truestudio for stmicroelectronics stm32 lite 2.3.0/armtools/bin/../lib/gcc/arm-atollic-eabi/4.5.1/thumb/cortex-m4/fpv4-sp-d16/crtbegin.o
 .ARM.attributes
                0x00000058       0x31 src\usbd_usr.o
 .ARM.attributes
                0x00000089       0x31 src\usbd_desc.o
 .ARM.attributes
                0x000000ba       0x31 src\usbd_cdc.o
 .ARM.attributes
                0x000000eb       0x31 src\usb_bsp.o
 .ARM.attributes
                0x0000011c       0x31 src\system_stm32f4xx.o
 .ARM.attributes
                0x0000014d       0x31 src\stm32f4xx_it.o
 .ARM.attributes
                0x0000017e       0x31 src\stm32f4_discovery.o
 .ARM.attributes
                0x000001af       0x21 src\startup_stm32f4xx.o
 .ARM.attributes
                0x000001d0       0x31 src\main.o
 .ARM.attributes
                0x00000201       0x31 Libraries\STM32_USB_OTG_Driver\src\usb_dcd_int.o
 .ARM.attributes
                0x00000232       0x31 Libraries\STM32_USB_OTG_Driver\src\usb_dcd.o
 .ARM.attributes
                0x00000263       0x31 Libraries\STM32_USB_OTG_Driver\src\usb_core.o
 .ARM.attributes
                0x00000294       0x31 Libraries\STM32_USB_Device_Library\Core\src\usbd_req.o
 .ARM.attributes
                0x000002c5       0x31 Libraries\STM32_USB_Device_Library\Core\src\usbd_ioreq.o
 .ARM.attributes
                0x000002f6       0x31 Libraries\STM32_USB_Device_Library\Core\src\usbd_core.o
 .ARM.attributes
                0x00000327       0x31 Libraries\STM32_USB_Device_Library\Class\cdc\src\usbd_cdc_core.o
 .ARM.attributes
                0x00000358       0x31 Libraries\STM32F4xx_StdPeriph_Driver\src\stm32f4xx_wwdg.o
 .ARM.attributes
                0x00000389       0x31 Libraries\STM32F4xx_StdPeriph_Driver\src\stm32f4xx_usart.o
 .ARM.attributes
                0x000003ba       0x31 Libraries\STM32F4xx_StdPeriph_Driver\src\stm32f4xx_tim.o
 .ARM.attributes
                0x000003eb       0x31 Libraries\STM32F4xx_StdPeriph_Driver\src\stm32f4xx_syscfg.o
 .ARM.attributes
                0x0000041c       0x31 Libraries\STM32F4xx_StdPeriph_Driver\src\stm32f4xx_spi.o
 .ARM.attributes
                0x0000044d       0x31 Libraries\STM32F4xx_StdPeriph_Driver\src\stm32f4xx_sdio.o
 .ARM.attributes
                0x0000047e       0x31 Libraries\STM32F4xx_StdPeriph_Driver\src\stm32f4xx_rtc.o
 .ARM.attributes
                0x000004af       0x31 Libraries\STM32F4xx_StdPeriph_Driver\src\stm32f4xx_rng.o
 .ARM.attributes
                0x000004e0       0x31 Libraries\STM32F4xx_StdPeriph_Driver\src\stm32f4xx_rcc.o
 .ARM.attributes
                0x00000511       0x31 Libraries\STM32F4xx_StdPeriph_Driver\src\stm32f4xx_pwr.o
 .ARM.attributes
                0x00000542       0x31 Libraries\STM32F4xx_StdPeriph_Driver\src\stm32f4xx_iwdg.o
 .ARM.attributes
                0x00000573       0x31 Libraries\STM32F4xx_StdPeriph_Driver\src\stm32f4xx_i2c.o
 .ARM.attributes
                0x000005a4       0x31 Libraries\STM32F4xx_StdPeriph_Driver\src\stm32f4xx_hash_sha1.o
 .ARM.attributes
                0x000005d5       0x31 Libraries\STM32F4xx_StdPeriph_Driver\src\stm32f4xx_hash_md5.o
 .ARM.attributes
                0x00000606       0x31 Libraries\STM32F4xx_StdPeriph_Driver\src\stm32f4xx_hash.o
 .ARM.attributes
                0x00000637       0x31 Libraries\STM32F4xx_StdPeriph_Driver\src\stm32f4xx_gpio.o
 .ARM.attributes
                0x00000668       0x31 Libraries\STM32F4xx_StdPeriph_Driver\src\stm32f4xx_fsmc.o
 .ARM.attributes
                0x00000699       0x31 Libraries\STM32F4xx_StdPeriph_Driver\src\stm32f4xx_flash.o
 .ARM.attributes
                0x000006ca       0x31 Libraries\STM32F4xx_StdPeriph_Driver\src\stm32f4xx_exti.o
 .ARM.attributes
                0x000006fb       0x31 Libraries\STM32F4xx_StdPeriph_Driver\src\stm32f4xx_dma.o
 .ARM.attributes
                0x0000072c       0x31 Libraries\STM32F4xx_StdPeriph_Driver\src\stm32f4xx_dcmi.o
 .ARM.attributes
                0x0000075d       0x31 Libraries\STM32F4xx_StdPeriph_Driver\src\stm32f4xx_dbgmcu.o
 .ARM.attributes
                0x0000078e       0x31 Libraries\STM32F4xx_StdPeriph_Driver\src\stm32f4xx_dac.o
 .ARM.attributes
                0x000007bf       0x31 Libraries\STM32F4xx_StdPeriph_Driver\src\stm32f4xx_cryp_tdes.o
 .ARM.attributes
                0x000007f0       0x31 Libraries\STM32F4xx_StdPeriph_Driver\src\stm32f4xx_cryp_des.o
 .ARM.attributes
                0x00000821       0x31 Libraries\STM32F4xx_StdPeriph_Driver\src\stm32f4xx_cryp_aes.o
 .ARM.attributes
                0x00000852       0x31 Libraries\STM32F4xx_StdPeriph_Driver\src\stm32f4xx_cryp.o
 .ARM.attributes
                0x00000883       0x31 Libraries\STM32F4xx_StdPeriph_Driver\src\stm32f4xx_crc.o
 .ARM.attributes
                0x000008b4       0x31 Libraries\STM32F4xx_StdPeriph_Driver\src\stm32f4xx_can.o
 .ARM.attributes
                0x000008e5       0x31 Libraries\STM32F4xx_StdPeriph_Driver\src\stm32f4xx_adc.o
 .ARM.attributes
                0x00000916       0x31 Libraries\STM32F4xx_StdPeriph_Driver\src\misc.o
 .ARM.attributes
                0x00000947       0x31 d:/program files (x86)/truestudio for stmicroelectronics stm32 lite 2.3.0/armtools/bin/../lib/gcc/arm-atollic-eabi/4.5.1/../../../../arm-atollic-eabi/lib/thumb/cortex-m4/fpv4-sp-d16\libc.a(lib_a-init.o)
 .ARM.attributes
                0x00000978       0x31 d:/program files (x86)/truestudio for stmicroelectronics stm32 lite 2.3.0/armtools/bin/../lib/gcc/arm-atollic-eabi/4.5.1/thumb/cortex-m4/fpv4-sp-d16/crtend.o
 .ARM.attributes
                0x000009a9       0x27 d:/program files (x86)/truestudio for stmicroelectronics stm32 lite 2.3.0/armtools/bin/../lib/gcc/arm-atollic-eabi/4.5.1/thumb/cortex-m4/fpv4-sp-d16/crtn.o
OUTPUT(stm32f4-discovery-usb-cdc-example.elf elf32-littlearm)

.debug_line     0x00000000     0xc21f
 .debug_line    0x00000000       0x6d d:/program files (x86)/truestudio for stmicroelectronics stm32 lite 2.3.0/armtools/bin/../lib/gcc/arm-atollic-eabi/4.5.1/thumb/cortex-m4/fpv4-sp-d16/crti.o
 .debug_line    0x0000006d      0x281 src\usbd_usr.o
 .debug_line    0x000002ee      0x268 src\usbd_desc.o
 .debug_line    0x00000556      0x360 src\usbd_cdc.o
 .debug_line    0x000008b6      0x347 src\usb_bsp.o
 .debug_line    0x00000bfd      0x263 src\system_stm32f4xx.o
 .debug_line    0x00000e60      0x2b8 src\stm32f4xx_it.o
 .debug_line    0x00001118      0x314 src\stm32f4_discovery.o
 .debug_line    0x0000142c       0x70 src\startup_stm32f4xx.o
 .debug_line    0x0000149c      0x3a6 src\main.o
 .debug_line    0x00001842      0x434 Libraries\STM32_USB_OTG_Driver\src\usb_dcd_int.o
 .debug_line    0x00001c76      0x3ab Libraries\STM32_USB_OTG_Driver\src\usb_dcd.o
 .debug_line    0x00002021      0x73c Libraries\STM32_USB_OTG_Driver\src\usb_core.o
 .debug_line    0x0000275d      0x4c6 Libraries\STM32_USB_Device_Library\Core\src\usbd_req.o
 .debug_line    0x00002c23      0x312 Libraries\STM32_USB_Device_Library\Core\src\usbd_ioreq.o
 .debug_line    0x00002f35      0x40a Libraries\STM32_USB_Device_Library\Core\src\usbd_core.o
 .debug_line    0x0000333f      0x470 Libraries\STM32_USB_Device_Library\Class\cdc\src\usbd_cdc_core.o
 .debug_line    0x000037af      0x28a Libraries\STM32F4xx_StdPeriph_Driver\src\stm32f4xx_wwdg.o
 .debug_line    0x00003a39      0x52b Libraries\STM32F4xx_StdPeriph_Driver\src\stm32f4xx_usart.o
 .debug_line    0x00003f64      0xb00 Libraries\STM32F4xx_StdPeriph_Driver\src\stm32f4xx_tim.o
 .debug_line    0x00004a64      0x268 Libraries\STM32F4xx_StdPeriph_Driver\src\stm32f4xx_syscfg.o
 .debug_line    0x00004ccc      0x4db Libraries\STM32F4xx_StdPeriph_Driver\src\stm32f4xx_spi.o
 .debug_line    0x000051a7      0x4cb Libraries\STM32F4xx_StdPeriph_Driver\src\stm32f4xx_sdio.o
 .debug_line    0x00005672      0x89e Libraries\STM32F4xx_StdPeriph_Driver\src\stm32f4xx_rtc.o
 .debug_line    0x00005f10      0x28b Libraries\STM32F4xx_StdPeriph_Driver\src\stm32f4xx_rng.o
 .debug_line    0x0000619b      0x627 Libraries\STM32F4xx_StdPeriph_Driver\src\stm32f4xx_rcc.o
 .debug_line    0x000067c2      0x305 Libraries\STM32F4xx_StdPeriph_Driver\src\stm32f4xx_pwr.o
 .debug_line    0x00006ac7      0x25f Libraries\STM32F4xx_StdPeriph_Driver\src\stm32f4xx_iwdg.o
 .debug_line    0x00006d26      0x563 Libraries\STM32F4xx_StdPeriph_Driver\src\stm32f4xx_i2c.o
 .debug_line    0x00007289      0x408 Libraries\STM32F4xx_StdPeriph_Driver\src\stm32f4xx_hash_sha1.o
 .debug_line    0x00007691      0x3ed Libraries\STM32F4xx_StdPeriph_Driver\src\stm32f4xx_hash_md5.o
 .debug_line    0x00007a7e      0x3f8 Libraries\STM32F4xx_StdPeriph_Driver\src\stm32f4xx_hash.o
 .debug_line    0x00007e76      0x3c6 Libraries\STM32F4xx_StdPeriph_Driver\src\stm32f4xx_gpio.o
 .debug_line    0x0000823c      0x4e8 Libraries\STM32F4xx_StdPeriph_Driver\src\stm32f4xx_fsmc.o
 .debug_line    0x00008724      0x514 Libraries\STM32F4xx_StdPeriph_Driver\src\stm32f4xx_flash.o
 .debug_line    0x00008c38      0x330 Libraries\STM32F4xx_StdPeriph_Driver\src\stm32f4xx_exti.o
 .debug_line    0x00008f68      0x463 Libraries\STM32F4xx_StdPeriph_Driver\src\stm32f4xx_dma.o
 .debug_line    0x000093cb      0x3c7 Libraries\STM32F4xx_StdPeriph_Driver\src\stm32f4xx_dcmi.o
 .debug_line    0x00009792      0x24f Libraries\STM32F4xx_StdPeriph_Driver\src\stm32f4xx_dbgmcu.o
 .debug_line    0x000099e1      0x3e9 Libraries\STM32F4xx_StdPeriph_Driver\src\stm32f4xx_dac.o
 .debug_line    0x00009dca      0x3fc Libraries\STM32F4xx_StdPeriph_Driver\src\stm32f4xx_cryp_tdes.o
 .debug_line    0x0000a1c6      0x383 Libraries\STM32F4xx_StdPeriph_Driver\src\stm32f4xx_cryp_des.o
 .debug_line    0x0000a549      0x73d Libraries\STM32F4xx_StdPeriph_Driver\src\stm32f4xx_cryp_aes.o
 .debug_line    0x0000ac86      0x41d Libraries\STM32F4xx_StdPeriph_Driver\src\stm32f4xx_cryp.o
 .debug_line    0x0000b0a3      0x26c Libraries\STM32F4xx_StdPeriph_Driver\src\stm32f4xx_crc.o
 .debug_line    0x0000b30f      0x5f9 Libraries\STM32F4xx_StdPeriph_Driver\src\stm32f4xx_can.o
 .debug_line    0x0000b908      0x5db Libraries\STM32F4xx_StdPeriph_Driver\src\stm32f4xx_adc.o
 .debug_line    0x0000bee3      0x2cc Libraries\STM32F4xx_StdPeriph_Driver\src\misc.o
 .debug_line    0x0000c1af       0x70 d:/program files (x86)/truestudio for stmicroelectronics stm32 lite 2.3.0/armtools/bin/../lib/gcc/arm-atollic-eabi/4.5.1/thumb/cortex-m4/fpv4-sp-d16/crtn.o

.debug_info     0x00000000    0x1db15
 .debug_info    0x00000000       0x7f d:/program files (x86)/truestudio for stmicroelectronics stm32 lite 2.3.0/armtools/bin/../lib/gcc/arm-atollic-eabi/4.5.1/thumb/cortex-m4/fpv4-sp-d16/crti.o
 .debug_info    0x0000007f      0x1ea src\usbd_usr.o
 .debug_info    0x00000269      0x3ab src\usbd_desc.o
 .debug_info    0x00000614      0x32e src\usbd_cdc.o
 .debug_info    0x00000942     0x10f9 src\usb_bsp.o
 .debug_info    0x00001a3b      0x621 src\system_stm32f4xx.o
 .debug_info    0x0000205c      0xccc src\stm32f4xx_it.o
 .debug_info    0x00002d28      0x969 src\stm32f4_discovery.o
 .debug_info    0x00003691       0x8e src\startup_stm32f4xx.o
 .debug_info    0x0000371f      0xccf src\main.o
 .debug_info    0x000043ee     0x2012 Libraries\STM32_USB_OTG_Driver\src\usb_dcd_int.o
 .debug_info    0x00006400     0x1188 Libraries\STM32_USB_OTG_Driver\src\usb_dcd.o
 .debug_info    0x00007588     0x2800 Libraries\STM32_USB_OTG_Driver\src\usb_core.o
 .debug_info    0x00009d88     0x111f Libraries\STM32_USB_Device_Library\Core\src\usbd_req.o
 .debug_info    0x0000aea7      0xde8 Libraries\STM32_USB_Device_Library\Core\src\usbd_ioreq.o
 .debug_info    0x0000bc8f      0xffc Libraries\STM32_USB_Device_Library\Core\src\usbd_core.o
 .debug_info    0x0000cc8b     0x10bf Libraries\STM32_USB_Device_Library\Class\cdc\src\usbd_cdc_core.o
 .debug_info    0x0000dd4a      0x25a Libraries\STM32F4xx_StdPeriph_Driver\src\stm32f4xx_wwdg.o
 .debug_info    0x0000dfa4      0xa53 Libraries\STM32F4xx_StdPeriph_Driver\src\stm32f4xx_usart.o
 .debug_info    0x0000e9f7     0x1e2c Libraries\STM32F4xx_StdPeriph_Driver\src\stm32f4xx_tim.o
 .debug_info    0x00010823      0x27e Libraries\STM32F4xx_StdPeriph_Driver\src\stm32f4xx_syscfg.o
 .debug_info    0x00010aa1      0xbd0 Libraries\STM32F4xx_StdPeriph_Driver\src\stm32f4xx_spi.o
 .debug_info    0x00011671      0x8a8 Libraries\STM32F4xx_StdPeriph_Driver\src\stm32f4xx_sdio.o
 .debug_info    0x00011f19     0x1227 Libraries\STM32F4xx_StdPeriph_Driver\src\stm32f4xx_rtc.o
 .debug_info    0x00013140      0x295 Libraries\STM32F4xx_StdPeriph_Driver\src\stm32f4xx_rng.o
 .debug_info    0x000133d5      0xd28 Libraries\STM32F4xx_StdPeriph_Driver\src\stm32f4xx_rcc.o
 .debug_info    0x000140fd      0x542 Libraries\STM32F4xx_StdPeriph_Driver\src\stm32f4xx_pwr.o
 .debug_info    0x0001463f      0x20f Libraries\STM32F4xx_StdPeriph_Driver\src\stm32f4xx_iwdg.o
 .debug_info    0x0001484e      0xb95 Libraries\STM32F4xx_StdPeriph_Driver\src\stm32f4xx_i2c.o
 .debug_info    0x000153e3      0x54e Libraries\STM32F4xx_StdPeriph_Driver\src\stm32f4xx_hash_sha1.o
 .debug_info    0x00015931      0x4ed Libraries\STM32F4xx_StdPeriph_Driver\src\stm32f4xx_hash_md5.o
 .debug_info    0x00015e1e      0x58a Libraries\STM32F4xx_StdPeriph_Driver\src\stm32f4xx_hash.o
 .debug_info    0x000163a8      0x63d Libraries\STM32F4xx_StdPeriph_Driver\src\stm32f4xx_gpio.o
 .debug_info    0x000169e5      0x9a9 Libraries\STM32F4xx_StdPeriph_Driver\src\stm32f4xx_fsmc.o
 .debug_info    0x0001738e      0x779 Libraries\STM32F4xx_StdPeriph_Driver\src\stm32f4xx_flash.o
 .debug_info    0x00017b07      0x376 Libraries\STM32F4xx_StdPeriph_Driver\src\stm32f4xx_exti.o
 .debug_info    0x00017e7d      0x7a7 Libraries\STM32F4xx_StdPeriph_Driver\src\stm32f4xx_dma.o
 .debug_info    0x00018624      0x5a1 Libraries\STM32F4xx_StdPeriph_Driver\src\stm32f4xx_dcmi.o
 .debug_info    0x00018bc5      0x1f3 Libraries\STM32F4xx_StdPeriph_Driver\src\stm32f4xx_dbgmcu.o
 .debug_info    0x00018db8      0x687 Libraries\STM32F4xx_StdPeriph_Driver\src\stm32f4xx_dac.o
 .debug_info    0x0001943f      0x6e3 Libraries\STM32F4xx_StdPeriph_Driver\src\stm32f4xx_cryp_tdes.o
 .debug_info    0x00019b22      0x564 Libraries\STM32F4xx_StdPeriph_Driver\src\stm32f4xx_cryp_des.o
 .debug_info    0x0001a086     0x1168 Libraries\STM32F4xx_StdPeriph_Driver\src\stm32f4xx_cryp_aes.o
 .debug_info    0x0001b1ee      0x7a2 Libraries\STM32F4xx_StdPeriph_Driver\src\stm32f4xx_cryp.o
 .debug_info    0x0001b990      0x20f Libraries\STM32F4xx_StdPeriph_Driver\src\stm32f4xx_crc.o
 .debug_info    0x0001bb9f      0xc66 Libraries\STM32F4xx_StdPeriph_Driver\src\stm32f4xx_can.o
 .debug_info    0x0001c805      0xcf9 Libraries\STM32F4xx_StdPeriph_Driver\src\stm32f4xx_adc.o
 .debug_info    0x0001d4fe      0x598 Libraries\STM32F4xx_StdPeriph_Driver\src\misc.o
 .debug_info    0x0001da96       0x7f d:/program files (x86)/truestudio for stmicroelectronics stm32 lite 2.3.0/armtools/bin/../lib/gcc/arm-atollic-eabi/4.5.1/thumb/cortex-m4/fpv4-sp-d16/crtn.o

.debug_abbrev   0x00000000     0x4433
 .debug_abbrev  0x00000000       0x12 d:/program files (x86)/truestudio for stmicroelectronics stm32 lite 2.3.0/armtools/bin/../lib/gcc/arm-atollic-eabi/4.5.1/thumb/cortex-m4/fpv4-sp-d16/crti.o
 .debug_abbrev  0x00000012       0xf1 src\usbd_usr.o
 .debug_abbrev  0x00000103      0x10e src\usbd_desc.o
 .debug_abbrev  0x00000211      0x152 src\usbd_cdc.o
 .debug_abbrev  0x00000363      0x1c8 src\usb_bsp.o
 .debug_abbrev  0x0000052b      0x142 src\system_stm32f4xx.o
 .debug_abbrev  0x0000066d      0x131 src\stm32f4xx_it.o
 .debug_abbrev  0x0000079e      0x178 src\stm32f4_discovery.o
 .debug_abbrev  0x00000916       0x12 src\startup_stm32f4xx.o
 .debug_abbrev  0x00000928      0x191 src\main.o
 .debug_abbrev  0x00000ab9      0x212 Libraries\STM32_USB_OTG_Driver\src\usb_dcd_int.o
 .debug_abbrev  0x00000ccb      0x20a Libraries\STM32_USB_OTG_Driver\src\usb_dcd.o
 .debug_abbrev  0x00000ed5      0x279 Libraries\STM32_USB_OTG_Driver\src\usb_core.o
 .debug_abbrev  0x0000114e      0x255 Libraries\STM32_USB_Device_Library\Core\src\usbd_req.o
 .debug_abbrev  0x000013a3      0x167 Libraries\STM32_USB_Device_Library\Core\src\usbd_ioreq.o
 .debug_abbrev  0x0000150a      0x1f6 Libraries\STM32_USB_Device_Library\Core\src\usbd_core.o
 .debug_abbrev  0x00001700      0x1cc Libraries\STM32_USB_Device_Library\Class\cdc\src\usbd_cdc_core.o
 .debug_abbrev  0x000018cc      0x120 Libraries\STM32F4xx_StdPeriph_Driver\src\stm32f4xx_wwdg.o
 .debug_abbrev  0x000019ec      0x150 Libraries\STM32F4xx_StdPeriph_Driver\src\stm32f4xx_usart.o
 .debug_abbrev  0x00001b3c      0x165 Libraries\STM32F4xx_StdPeriph_Driver\src\stm32f4xx_tim.o
 .debug_abbrev  0x00001ca1      0x12c Libraries\STM32F4xx_StdPeriph_Driver\src\stm32f4xx_syscfg.o
 .debug_abbrev  0x00001dcd      0x162 Libraries\STM32F4xx_StdPeriph_Driver\src\stm32f4xx_spi.o
 .debug_abbrev  0x00001f2f      0x16f Libraries\STM32F4xx_StdPeriph_Driver\src\stm32f4xx_sdio.o
 .debug_abbrev  0x0000209e      0x16d Libraries\STM32F4xx_StdPeriph_Driver\src\stm32f4xx_rtc.o
 .debug_abbrev  0x0000220b      0x139 Libraries\STM32F4xx_StdPeriph_Driver\src\stm32f4xx_rng.o
 .debug_abbrev  0x00002344      0x1b9 Libraries\STM32F4xx_StdPeriph_Driver\src\stm32f4xx_rcc.o
 .debug_abbrev  0x000024fd      0x177 Libraries\STM32F4xx_StdPeriph_Driver\src\stm32f4xx_pwr.o
 .debug_abbrev  0x00002674       0xfc Libraries\STM32F4xx_StdPeriph_Driver\src\stm32f4xx_iwdg.o
 .debug_abbrev  0x00002770      0x15f Libraries\STM32F4xx_StdPeriph_Driver\src\stm32f4xx_i2c.o
 .debug_abbrev  0x000028cf      0x191 Libraries\STM32F4xx_StdPeriph_Driver\src\stm32f4xx_hash_sha1.o
 .debug_abbrev  0x00002a60      0x191 Libraries\STM32F4xx_StdPeriph_Driver\src\stm32f4xx_hash_md5.o
 .debug_abbrev  0x00002bf1      0x1a3 Libraries\STM32F4xx_StdPeriph_Driver\src\stm32f4xx_hash.o
 .debug_abbrev  0x00002d94      0x184 Libraries\STM32F4xx_StdPeriph_Driver\src\stm32f4xx_gpio.o
 .debug_abbrev  0x00002f18      0x168 Libraries\STM32F4xx_StdPeriph_Driver\src\stm32f4xx_fsmc.o
 .debug_abbrev  0x00003080      0x16a Libraries\STM32F4xx_StdPeriph_Driver\src\stm32f4xx_flash.o
 .debug_abbrev  0x000031ea      0x19a Libraries\STM32F4xx_StdPeriph_Driver\src\stm32f4xx_exti.o
 .debug_abbrev  0x00003384      0x150 Libraries\STM32F4xx_StdPeriph_Driver\src\stm32f4xx_dma.o
 .debug_abbrev  0x000034d4      0x17c Libraries\STM32F4xx_StdPeriph_Driver\src\stm32f4xx_dcmi.o
 .debug_abbrev  0x00003650       0xdc Libraries\STM32F4xx_StdPeriph_Driver\src\stm32f4xx_dbgmcu.o
 .debug_abbrev  0x0000372c      0x174 Libraries\STM32F4xx_StdPeriph_Driver\src\stm32f4xx_dac.o
 .debug_abbrev  0x000038a0      0x15f Libraries\STM32F4xx_StdPeriph_Driver\src\stm32f4xx_cryp_tdes.o
 .debug_abbrev  0x000039ff      0x15f Libraries\STM32F4xx_StdPeriph_Driver\src\stm32f4xx_cryp_des.o
 .debug_abbrev  0x00003b5e      0x1d4 Libraries\STM32F4xx_StdPeriph_Driver\src\stm32f4xx_cryp_aes.o
 .debug_abbrev  0x00003d32      0x182 Libraries\STM32F4xx_StdPeriph_Driver\src\stm32f4xx_cryp.o
 .debug_abbrev  0x00003eb4      0x10c Libraries\STM32F4xx_StdPeriph_Driver\src\stm32f4xx_crc.o
 .debug_abbrev  0x00003fc0      0x1ae Libraries\STM32F4xx_StdPeriph_Driver\src\stm32f4xx_can.o
 .debug_abbrev  0x0000416e      0x18b Libraries\STM32F4xx_StdPeriph_Driver\src\stm32f4xx_adc.o
 .debug_abbrev  0x000042f9      0x128 Libraries\STM32F4xx_StdPeriph_Driver\src\misc.o
 .debug_abbrev  0x00004421       0x12 d:/program files (x86)/truestudio for stmicroelectronics stm32 lite 2.3.0/armtools/bin/../lib/gcc/arm-atollic-eabi/4.5.1/thumb/cortex-m4/fpv4-sp-d16/crtn.o

.debug_aranges  0x00000000     0x1c18
 .debug_aranges
                0x00000000       0x28 d:/program files (x86)/truestudio for stmicroelectronics stm32 lite 2.3.0/armtools/bin/../lib/gcc/arm-atollic-eabi/4.5.1/thumb/cortex-m4/fpv4-sp-d16/crti.o
 .debug_aranges
                0x00000028       0x40 src\usbd_usr.o
 .debug_aranges
                0x00000068       0x50 src\usbd_desc.o
 .debug_aranges
                0x000000b8       0x48 src\usbd_cdc.o
 .debug_aranges
                0x00000100       0x38 src\usb_bsp.o
 .debug_aranges
                0x00000138       0x30 src\system_stm32f4xx.o
 .debug_aranges
                0x00000168       0x78 src\stm32f4xx_it.o
 .debug_aranges
                0x000001e0       0x48 src\stm32f4_discovery.o
 .debug_aranges
                0x00000228       0x28 src\startup_stm32f4xx.o
 .debug_aranges
                0x00000250       0x28 src\main.o
 .debug_aranges
                0x00000278       0x80 Libraries\STM32_USB_OTG_Driver\src\usb_dcd_int.o
 .debug_aranges
                0x000002f8       0x80 Libraries\STM32_USB_OTG_Driver\src\usb_dcd.o
 .debug_aranges
                0x00000378      0x138 Libraries\STM32_USB_OTG_Driver\src\usb_core.o
 .debug_aranges
                0x000004b0       0x88 Libraries\STM32_USB_Device_Library\Core\src\usbd_req.o
 .debug_aranges
                0x00000538       0x50 Libraries\STM32_USB_Device_Library\Core\src\usbd_ioreq.o
 .debug_aranges
                0x00000588       0x80 Libraries\STM32_USB_Device_Library\Core\src\usbd_core.o
 .debug_aranges
                0x00000608       0x60 Libraries\STM32_USB_Device_Library\Class\cdc\src\usbd_cdc_core.o
 .debug_aranges
                0x00000668       0x58 Libraries\STM32F4xx_StdPeriph_Driver\src\stm32f4xx_wwdg.o
 .debug_aranges
                0x000006c0      0x100 Libraries\STM32F4xx_StdPeriph_Driver\src\stm32f4xx_usart.o
 .debug_aranges
                0x000007c0      0x2f8 Libraries\STM32F4xx_StdPeriph_Driver\src\stm32f4xx_tim.o
 .debug_aranges
                0x00000ab8       0x48 Libraries\STM32F4xx_StdPeriph_Driver\src\stm32f4xx_syscfg.o
 .debug_aranges
                0x00000b00       0xe0 Libraries\STM32F4xx_StdPeriph_Driver\src\stm32f4xx_spi.o
 .debug_aranges
                0x00000be0      0x108 Libraries\STM32F4xx_StdPeriph_Driver\src\stm32f4xx_sdio.o
 .debug_aranges
                0x00000ce8      0x1e0 Libraries\STM32F4xx_StdPeriph_Driver\src\stm32f4xx_rtc.o
 .debug_aranges
                0x00000ec8       0x58 Libraries\STM32F4xx_StdPeriph_Driver\src\stm32f4xx_rng.o
 .debug_aranges
                0x00000f20      0x178 Libraries\STM32F4xx_StdPeriph_Driver\src\stm32f4xx_rcc.o
 .debug_aranges
                0x00001098       0x78 Libraries\STM32F4xx_StdPeriph_Driver\src\stm32f4xx_pwr.o
 .debug_aranges
                0x00001110       0x48 Libraries\STM32F4xx_StdPeriph_Driver\src\stm32f4xx_iwdg.o
 .debug_aranges
                0x00001158      0x120 Libraries\STM32F4xx_StdPeriph_Driver\src\stm32f4xx_i2c.o
 .debug_aranges
                0x00001278       0x28 Libraries\STM32F4xx_StdPeriph_Driver\src\stm32f4xx_hash_sha1.o
 .debug_aranges
                0x000012a0       0x28 Libraries\STM32F4xx_StdPeriph_Driver\src\stm32f4xx_hash_md5.o
 .debug_aranges
                0x000012c8       0xa0 Libraries\STM32F4xx_StdPeriph_Driver\src\stm32f4xx_hash.o
 .debug_aranges
                0x00001368       0x88 Libraries\STM32F4xx_StdPeriph_Driver\src\stm32f4xx_gpio.o
 .debug_aranges
                0x000013f0       0xb0 Libraries\STM32F4xx_StdPeriph_Driver\src\stm32f4xx_fsmc.o
 .debug_aranges
                0x000014a0      0x108 Libraries\STM32F4xx_StdPeriph_Driver\src\stm32f4xx_flash.o
 .debug_aranges
                0x000015a8       0x58 Libraries\STM32F4xx_StdPeriph_Driver\src\stm32f4xx_exti.o
 .debug_aranges
                0x00001600       0xb0 Libraries\STM32F4xx_StdPeriph_Driver\src\stm32f4xx_dma.o
 .debug_aranges
                0x000016b0       0x90 Libraries\STM32F4xx_StdPeriph_Driver\src\stm32f4xx_dcmi.o
 .debug_aranges
                0x00001740       0x40 Libraries\STM32F4xx_StdPeriph_Driver\src\stm32f4xx_dbgmcu.o
 .debug_aranges
                0x00001780       0xa0 Libraries\STM32F4xx_StdPeriph_Driver\src\stm32f4xx_dac.o
 .debug_aranges
                0x00001820       0x28 Libraries\STM32F4xx_StdPeriph_Driver\src\stm32f4xx_cryp_tdes.o
 .debug_aranges
                0x00001848       0x28 Libraries\STM32F4xx_StdPeriph_Driver\src\stm32f4xx_cryp_des.o
 .debug_aranges
                0x00001870       0x30 Libraries\STM32F4xx_StdPeriph_Driver\src\stm32f4xx_cryp_aes.o
 .debug_aranges
                0x000018a0       0xa0 Libraries\STM32F4xx_StdPeriph_Driver\src\stm32f4xx_cryp.o
 .debug_aranges
                0x00001940       0x48 Libraries\STM32F4xx_StdPeriph_Driver\src\stm32f4xx_crc.o
 .debug_aranges
                0x00001988       0xe0 Libraries\STM32F4xx_StdPeriph_Driver\src\stm32f4xx_can.o
 .debug_aranges
                0x00001a68      0x148 Libraries\STM32F4xx_StdPeriph_Driver\src\stm32f4xx_adc.o
 .debug_aranges
                0x00001bb0       0x40 Libraries\STM32F4xx_StdPeriph_Driver\src\misc.o
 .debug_aranges
                0x00001bf0       0x28 d:/program files (x86)/truestudio for stmicroelectronics stm32 lite 2.3.0/armtools/bin/../lib/gcc/arm-atollic-eabi/4.5.1/thumb/cortex-m4/fpv4-sp-d16/crtn.o

.debug_ranges   0x00000000     0x1920
 .debug_ranges  0x00000000       0x20 d:/program files (x86)/truestudio for stmicroelectronics stm32 lite 2.3.0/armtools/bin/../lib/gcc/arm-atollic-eabi/4.5.1/thumb/cortex-m4/fpv4-sp-d16/crti.o
 .debug_ranges  0x00000020       0x30 src\usbd_usr.o
 .debug_ranges  0x00000050       0x40 src\usbd_desc.o
 .debug_ranges  0x00000090       0x38 src\usbd_cdc.o
 .debug_ranges  0x000000c8       0x28 src\usb_bsp.o
 .debug_ranges  0x000000f0       0x20 src\system_stm32f4xx.o
 .debug_ranges  0x00000110       0x68 src\stm32f4xx_it.o
 .debug_ranges  0x00000178       0x38 src\stm32f4_discovery.o
 .debug_ranges  0x000001b0       0x20 src\startup_stm32f4xx.o
 .debug_ranges  0x000001d0       0x18 src\main.o
 .debug_ranges  0x000001e8       0x70 Libraries\STM32_USB_OTG_Driver\src\usb_dcd_int.o
 .debug_ranges  0x00000258       0x70 Libraries\STM32_USB_OTG_Driver\src\usb_dcd.o
 .debug_ranges  0x000002c8      0x128 Libraries\STM32_USB_OTG_Driver\src\usb_core.o
 .debug_ranges  0x000003f0       0x78 Libraries\STM32_USB_Device_Library\Core\src\usbd_req.o
 .debug_ranges  0x00000468       0x40 Libraries\STM32_USB_Device_Library\Core\src\usbd_ioreq.o
 .debug_ranges  0x000004a8       0x70 Libraries\STM32_USB_Device_Library\Core\src\usbd_core.o
 .debug_ranges  0x00000518       0x50 Libraries\STM32_USB_Device_Library\Class\cdc\src\usbd_cdc_core.o
 .debug_ranges  0x00000568       0x48 Libraries\STM32F4xx_StdPeriph_Driver\src\stm32f4xx_wwdg.o
 .debug_ranges  0x000005b0       0xf0 Libraries\STM32F4xx_StdPeriph_Driver\src\stm32f4xx_usart.o
 .debug_ranges  0x000006a0      0x2e8 Libraries\STM32F4xx_StdPeriph_Driver\src\stm32f4xx_tim.o
 .debug_ranges  0x00000988       0x38 Libraries\STM32F4xx_StdPeriph_Driver\src\stm32f4xx_syscfg.o
 .debug_ranges  0x000009c0       0xd0 Libraries\STM32F4xx_StdPeriph_Driver\src\stm32f4xx_spi.o
 .debug_ranges  0x00000a90       0xf8 Libraries\STM32F4xx_StdPeriph_Driver\src\stm32f4xx_sdio.o
 .debug_ranges  0x00000b88      0x1d0 Libraries\STM32F4xx_StdPeriph_Driver\src\stm32f4xx_rtc.o
 .debug_ranges  0x00000d58       0x48 Libraries\STM32F4xx_StdPeriph_Driver\src\stm32f4xx_rng.o
 .debug_ranges  0x00000da0      0x168 Libraries\STM32F4xx_StdPeriph_Driver\src\stm32f4xx_rcc.o
 .debug_ranges  0x00000f08       0x68 Libraries\STM32F4xx_StdPeriph_Driver\src\stm32f4xx_pwr.o
 .debug_ranges  0x00000f70       0x38 Libraries\STM32F4xx_StdPeriph_Driver\src\stm32f4xx_iwdg.o
 .debug_ranges  0x00000fa8      0x110 Libraries\STM32F4xx_StdPeriph_Driver\src\stm32f4xx_i2c.o
 .debug_ranges  0x000010b8       0x18 Libraries\STM32F4xx_StdPeriph_Driver\src\stm32f4xx_hash_sha1.o
 .debug_ranges  0x000010d0       0x18 Libraries\STM32F4xx_StdPeriph_Driver\src\stm32f4xx_hash_md5.o
 .debug_ranges  0x000010e8       0x90 Libraries\STM32F4xx_StdPeriph_Driver\src\stm32f4xx_hash.o
 .debug_ranges  0x00001178       0x78 Libraries\STM32F4xx_StdPeriph_Driver\src\stm32f4xx_gpio.o
 .debug_ranges  0x000011f0       0xa0 Libraries\STM32F4xx_StdPeriph_Driver\src\stm32f4xx_fsmc.o
 .debug_ranges  0x00001290       0xf8 Libraries\STM32F4xx_StdPeriph_Driver\src\stm32f4xx_flash.o
 .debug_ranges  0x00001388       0x48 Libraries\STM32F4xx_StdPeriph_Driver\src\stm32f4xx_exti.o
 .debug_ranges  0x000013d0       0xa0 Libraries\STM32F4xx_StdPeriph_Driver\src\stm32f4xx_dma.o
 .debug_ranges  0x00001470       0x80 Libraries\STM32F4xx_StdPeriph_Driver\src\stm32f4xx_dcmi.o
 .debug_ranges  0x000014f0       0x30 Libraries\STM32F4xx_StdPeriph_Driver\src\stm32f4xx_dbgmcu.o
 .debug_ranges  0x00001520       0x90 Libraries\STM32F4xx_StdPeriph_Driver\src\stm32f4xx_dac.o
 .debug_ranges  0x000015b0       0x18 Libraries\STM32F4xx_StdPeriph_Driver\src\stm32f4xx_cryp_tdes.o
 .debug_ranges  0x000015c8       0x18 Libraries\STM32F4xx_StdPeriph_Driver\src\stm32f4xx_cryp_des.o
 .debug_ranges  0x000015e0       0x20 Libraries\STM32F4xx_StdPeriph_Driver\src\stm32f4xx_cryp_aes.o
 .debug_ranges  0x00001600       0x90 Libraries\STM32F4xx_StdPeriph_Driver\src\stm32f4xx_cryp.o
 .debug_ranges  0x00001690       0x38 Libraries\STM32F4xx_StdPeriph_Driver\src\stm32f4xx_crc.o
 .debug_ranges  0x000016c8       0xd0 Libraries\STM32F4xx_StdPeriph_Driver\src\stm32f4xx_can.o
 .debug_ranges  0x00001798      0x138 Libraries\STM32F4xx_StdPeriph_Driver\src\stm32f4xx_adc.o
 .debug_ranges  0x000018d0       0x30 Libraries\STM32F4xx_StdPeriph_Driver\src\misc.o
 .debug_ranges  0x00001900       0x20 d:/program files (x86)/truestudio for stmicroelectronics stm32 lite 2.3.0/armtools/bin/../lib/gcc/arm-atollic-eabi/4.5.1/thumb/cortex-m4/fpv4-sp-d16/crtn.o

.comment        0x00000000       0xc3
 .comment       0x00000000       0x61 d:/program files (x86)/truestudio for stmicroelectronics stm32 lite 2.3.0/armtools/bin/../lib/gcc/arm-atollic-eabi/4.5.1/thumb/cortex-m4/fpv4-sp-d16/crtbegin.o
                                 0x62 (size before relaxing)
 .comment       0x00000061       0x62 src\usbd_usr.o
                                 0x63 (size before relaxing)
 .comment       0x00000000       0x63 src\usbd_desc.o
 .comment       0x00000000       0x63 src\usbd_cdc.o
 .comment       0x00000000       0x63 src\usb_bsp.o
 .comment       0x00000000       0x63 src\system_stm32f4xx.o
 .comment       0x00000000       0x63 src\stm32f4xx_it.o
 .comment       0x00000000       0x63 src\stm32f4_discovery.o
 .comment       0x00000000       0x63 src\main.o
 .comment       0x00000000       0x63 Libraries\STM32_USB_OTG_Driver\src\usb_dcd_int.o
 .comment       0x00000000       0x63 Libraries\STM32_USB_OTG_Driver\src\usb_dcd.o
 .comment       0x00000000       0x63 Libraries\STM32_USB_OTG_Driver\src\usb_core.o
 .comment       0x00000000       0x63 Libraries\STM32_USB_Device_Library\Core\src\usbd_req.o
 .comment       0x00000000       0x63 Libraries\STM32_USB_Device_Library\Core\src\usbd_ioreq.o
 .comment       0x00000000       0x63 Libraries\STM32_USB_Device_Library\Core\src\usbd_core.o
 .comment       0x00000000       0x63 Libraries\STM32_USB_Device_Library\Class\cdc\src\usbd_cdc_core.o
 .comment       0x00000000       0x63 Libraries\STM32F4xx_StdPeriph_Driver\src\stm32f4xx_wwdg.o
 .comment       0x00000000       0x63 Libraries\STM32F4xx_StdPeriph_Driver\src\stm32f4xx_usart.o
 .comment       0x00000000       0x63 Libraries\STM32F4xx_StdPeriph_Driver\src\stm32f4xx_tim.o
 .comment       0x00000000       0x63 Libraries\STM32F4xx_StdPeriph_Driver\src\stm32f4xx_syscfg.o
 .comment       0x00000000       0x63 Libraries\STM32F4xx_StdPeriph_Driver\src\stm32f4xx_spi.o
 .comment       0x00000000       0x63 Libraries\STM32F4xx_StdPeriph_Driver\src\stm32f4xx_sdio.o
 .comment       0x00000000       0x63 Libraries\STM32F4xx_StdPeriph_Driver\src\stm32f4xx_rtc.o
 .comment       0x00000000       0x63 Libraries\STM32F4xx_StdPeriph_Driver\src\stm32f4xx_rng.o
 .comment       0x00000000       0x63 Libraries\STM32F4xx_StdPeriph_Driver\src\stm32f4xx_rcc.o
 .comment       0x00000000       0x63 Libraries\STM32F4xx_StdPeriph_Driver\src\stm32f4xx_pwr.o
 .comment       0x00000000       0x63 Libraries\STM32F4xx_StdPeriph_Driver\src\stm32f4xx_iwdg.o
 .comment       0x00000000       0x63 Libraries\STM32F4xx_StdPeriph_Driver\src\stm32f4xx_i2c.o
 .comment       0x00000000       0x63 Libraries\STM32F4xx_StdPeriph_Driver\src\stm32f4xx_hash_sha1.o
 .comment       0x00000000       0x63 Libraries\STM32F4xx_StdPeriph_Driver\src\stm32f4xx_hash_md5.o
 .comment       0x00000000       0x63 Libraries\STM32F4xx_StdPeriph_Driver\src\stm32f4xx_hash.o
 .comment       0x00000000       0x63 Libraries\STM32F4xx_StdPeriph_Driver\src\stm32f4xx_gpio.o
 .comment       0x00000000       0x63 Libraries\STM32F4xx_StdPeriph_Driver\src\stm32f4xx_fsmc.o
 .comment       0x00000000       0x63 Libraries\STM32F4xx_StdPeriph_Driver\src\stm32f4xx_flash.o
 .comment       0x00000000       0x63 Libraries\STM32F4xx_StdPeriph_Driver\src\stm32f4xx_exti.o
 .comment       0x00000000       0x63 Libraries\STM32F4xx_StdPeriph_Driver\src\stm32f4xx_dma.o
 .comment       0x00000000       0x63 Libraries\STM32F4xx_StdPeriph_Driver\src\stm32f4xx_dcmi.o
 .comment       0x00000000       0x63 Libraries\STM32F4xx_StdPeriph_Driver\src\stm32f4xx_dbgmcu.o
 .comment       0x00000000       0x63 Libraries\STM32F4xx_StdPeriph_Driver\src\stm32f4xx_dac.o
 .comment       0x00000000       0x63 Libraries\STM32F4xx_StdPeriph_Driver\src\stm32f4xx_cryp_tdes.o
 .comment       0x00000000       0x63 Libraries\STM32F4xx_StdPeriph_Driver\src\stm32f4xx_cryp_des.o
 .comment       0x00000000       0x63 Libraries\STM32F4xx_StdPeriph_Driver\src\stm32f4xx_cryp_aes.o
 .comment       0x00000000       0x63 Libraries\STM32F4xx_StdPeriph_Driver\src\stm32f4xx_cryp.o
 .comment       0x00000000       0x63 Libraries\STM32F4xx_StdPeriph_Driver\src\stm32f4xx_crc.o
 .comment       0x00000000       0x63 Libraries\STM32F4xx_StdPeriph_Driver\src\stm32f4xx_can.o
 .comment       0x00000000       0x63 Libraries\STM32F4xx_StdPeriph_Driver\src\stm32f4xx_adc.o
 .comment       0x00000000       0x63 Libraries\STM32F4xx_StdPeriph_Driver\src\misc.o
 .comment       0x00000000       0x62 d:/program files (x86)/truestudio for stmicroelectronics stm32 lite 2.3.0/armtools/bin/../lib/gcc/arm-atollic-eabi/4.5.1/../../../../arm-atollic-eabi/lib/thumb/cortex-m4/fpv4-sp-d16\libc.a(lib_a-init.o)
 .comment       0x00000000       0x62 d:/program files (x86)/truestudio for stmicroelectronics stm32 lite 2.3.0/armtools/bin/../lib/gcc/arm-atollic-eabi/4.5.1/thumb/cortex-m4/fpv4-sp-d16/crtend.o

.debug_loc      0x00000000     0x9ffe
 .debug_loc     0x00000000       0xe8 src\usbd_usr.o
 .debug_loc     0x000000e8      0x188 src\usbd_desc.o
 .debug_loc     0x00000270      0x138 src\usbd_cdc.o
 .debug_loc     0x000003a8       0xe0 src\usb_bsp.o
 .debug_loc     0x00000488       0x9c src\system_stm32f4xx.o
 .debug_loc     0x00000524      0x210 src\stm32f4xx_it.o
 .debug_loc     0x00000734      0x150 src\stm32f4_discovery.o
 .debug_loc     0x00000884       0x70 src\main.o
 .debug_loc     0x000008f4      0x2d8 Libraries\STM32_USB_OTG_Driver\src\usb_dcd_int.o
 .debug_loc     0x00000bcc      0x2d8 Libraries\STM32_USB_OTG_Driver\src\usb_dcd.o
 .debug_loc     0x00000ea4      0x7e0 Libraries\STM32_USB_OTG_Driver\src\usb_core.o
 .debug_loc     0x00001684      0x310 Libraries\STM32_USB_Device_Library\Core\src\usbd_req.o
 .debug_loc     0x00001994      0x188 Libraries\STM32_USB_Device_Library\Core\src\usbd_ioreq.o
 .debug_loc     0x00001b1c      0x2d8 Libraries\STM32_USB_Device_Library\Core\src\usbd_core.o
 .debug_loc     0x00001df4      0x1f8 Libraries\STM32_USB_Device_Library\Class\cdc\src\usbd_cdc_core.o
 .debug_loc     0x00001fec      0x19c Libraries\STM32F4xx_StdPeriph_Driver\src\stm32f4xx_wwdg.o
 .debug_loc     0x00002188      0x658 Libraries\STM32F4xx_StdPeriph_Driver\src\stm32f4xx_usart.o
 .debug_loc     0x000027e0     0x1420 Libraries\STM32F4xx_StdPeriph_Driver\src\stm32f4xx_tim.o
 .debug_loc     0x00003c00      0x144 Libraries\STM32F4xx_StdPeriph_Driver\src\stm32f4xx_syscfg.o
 .debug_loc     0x00003d44      0x578 Libraries\STM32F4xx_StdPeriph_Driver\src\stm32f4xx_spi.o
 .debug_loc     0x000042bc      0x648 Libraries\STM32F4xx_StdPeriph_Driver\src\stm32f4xx_sdio.o
 .debug_loc     0x00004904      0xc48 Libraries\STM32F4xx_StdPeriph_Driver\src\stm32f4xx_rtc.o
 .debug_loc     0x0000554c      0x1a8 Libraries\STM32F4xx_StdPeriph_Driver\src\stm32f4xx_rng.o
 .debug_loc     0x000056f4      0x97c Libraries\STM32F4xx_StdPeriph_Driver\src\stm32f4xx_rcc.o
 .debug_loc     0x00006070      0x288 Libraries\STM32F4xx_StdPeriph_Driver\src\stm32f4xx_pwr.o
 .debug_loc     0x000062f8      0x138 Libraries\STM32F4xx_StdPeriph_Driver\src\stm32f4xx_iwdg.o
 .debug_loc     0x00006430      0x738 Libraries\STM32F4xx_StdPeriph_Driver\src\stm32f4xx_i2c.o
 .debug_loc     0x00006b68       0x74 Libraries\STM32F4xx_StdPeriph_Driver\src\stm32f4xx_hash_sha1.o
 .debug_loc     0x00006bdc       0x74 Libraries\STM32F4xx_StdPeriph_Driver\src\stm32f4xx_hash_md5.o
 .debug_loc     0x00006c50      0x388 Libraries\STM32F4xx_StdPeriph_Driver\src\stm32f4xx_hash.o
 .debug_loc     0x00006fd8      0x310 Libraries\STM32F4xx_StdPeriph_Driver\src\stm32f4xx_gpio.o
 .debug_loc     0x000072e8      0x41c Libraries\STM32F4xx_StdPeriph_Driver\src\stm32f4xx_fsmc.o
 .debug_loc     0x00007704      0x624 Libraries\STM32F4xx_StdPeriph_Driver\src\stm32f4xx_flash.o
 .debug_loc     0x00007d28      0x1b4 Libraries\STM32F4xx_StdPeriph_Driver\src\stm32f4xx_exti.o
 .debug_loc     0x00007edc      0x428 Libraries\STM32F4xx_StdPeriph_Driver\src\stm32f4xx_dma.o
 .debug_loc     0x00008304      0x330 Libraries\STM32F4xx_StdPeriph_Driver\src\stm32f4xx_dcmi.o
 .debug_loc     0x00008634      0x100 Libraries\STM32F4xx_StdPeriph_Driver\src\stm32f4xx_dbgmcu.o
 .debug_loc     0x00008734      0x3ac Libraries\STM32F4xx_StdPeriph_Driver\src\stm32f4xx_dac.o
 .debug_loc     0x00008ae0       0x74 Libraries\STM32F4xx_StdPeriph_Driver\src\stm32f4xx_cryp_tdes.o
 .debug_loc     0x00008b54       0x74 Libraries\STM32F4xx_StdPeriph_Driver\src\stm32f4xx_cryp_des.o
 .debug_loc     0x00008bc8       0xae Libraries\STM32F4xx_StdPeriph_Driver\src\stm32f4xx_cryp_aes.o
 .debug_loc     0x00008c76      0x394 Libraries\STM32F4xx_StdPeriph_Driver\src\stm32f4xx_cryp.o
 .debug_loc     0x0000900a      0x12c Libraries\STM32F4xx_StdPeriph_Driver\src\stm32f4xx_crc.o
 .debug_loc     0x00009136      0x578 Libraries\STM32F4xx_StdPeriph_Driver\src\stm32f4xx_can.o
 .debug_loc     0x000096ae      0x838 Libraries\STM32F4xx_StdPeriph_Driver\src\stm32f4xx_adc.o
 .debug_loc     0x00009ee6      0x118 Libraries\STM32F4xx_StdPeriph_Driver\src\misc.o

.debug_pubnames
                0x00000000     0x4280
 .debug_pubnames
                0x00000000       0x9e src\usbd_usr.o
 .debug_pubnames
                0x0000009e      0x152 src\usbd_desc.o
 .debug_pubnames
                0x000001f0       0x3d src\usbd_cdc.o
 .debug_pubnames
                0x0000022d       0x75 src\usb_bsp.o
 .debug_pubnames
                0x000002a2       0x61 src\system_stm32f4xx.o
 .debug_pubnames
                0x00000303      0x10c src\stm32f4xx_it.o
 .debug_pubnames
                0x0000040f      0x186 src\stm32f4_discovery.o
 .debug_pubnames
                0x00000595       0x35 src\main.o
 .debug_pubnames
                0x000005ca       0x2b Libraries\STM32_USB_OTG_Driver\src\usb_dcd_int.o
 .debug_pubnames
                0x000005f5      0x100 Libraries\STM32_USB_OTG_Driver\src\usb_dcd.o
 .debug_pubnames
                0x000006f5      0x364 Libraries\STM32_USB_OTG_Driver\src\usb_core.o
 .debug_pubnames
                0x00000a59       0xd7 Libraries\STM32_USB_Device_Library\Core\src\usbd_req.o
 .debug_pubnames
                0x00000b30       0xb6 Libraries\STM32_USB_Device_Library\Core\src\usbd_ioreq.o
 .debug_pubnames
                0x00000be6       0x7a Libraries\STM32_USB_Device_Library\Core\src\usbd_core.o
 .debug_pubnames
                0x00000c60       0xc9 Libraries\STM32_USB_Device_Library\Class\cdc\src\usbd_cdc_core.o
 .debug_pubnames
                0x00000d29       0xb0 Libraries\STM32F4xx_StdPeriph_Driver\src\stm32f4xx_wwdg.o
 .debug_pubnames
                0x00000dd9      0x294 Libraries\STM32F4xx_StdPeriph_Driver\src\stm32f4xx_usart.o
 .debug_pubnames
                0x0000106d      0x7c4 Libraries\STM32F4xx_StdPeriph_Driver\src\stm32f4xx_tim.o
 .debug_pubnames
                0x00001831       0xc3 Libraries\STM32F4xx_StdPeriph_Driver\src\stm32f4xx_syscfg.o
 .debug_pubnames
                0x000018f4      0x221 Libraries\STM32F4xx_StdPeriph_Driver\src\stm32f4xx_spi.o
 .debug_pubnames
                0x00001b15      0x2ac Libraries\STM32F4xx_StdPeriph_Driver\src\stm32f4xx_sdio.o
 .debug_pubnames
                0x00001dc1      0x514 Libraries\STM32F4xx_StdPeriph_Driver\src\stm32f4xx_rtc.o
 .debug_pubnames
                0x000022d5       0xac Libraries\STM32F4xx_StdPeriph_Driver\src\stm32f4xx_rng.o
 .debug_pubnames
                0x00002381      0x417 Libraries\STM32F4xx_StdPeriph_Driver\src\stm32f4xx_rcc.o
 .debug_pubnames
                0x00002798      0x120 Libraries\STM32F4xx_StdPeriph_Driver\src\stm32f4xx_pwr.o
 .debug_pubnames
                0x000028b8       0x91 Libraries\STM32F4xx_StdPeriph_Driver\src\stm32f4xx_iwdg.o
 .debug_pubnames
                0x00002949      0x2cb Libraries\STM32F4xx_StdPeriph_Driver\src\stm32f4xx_i2c.o
 .debug_pubnames
                0x00002c14       0x2e Libraries\STM32F4xx_StdPeriph_Driver\src\stm32f4xx_hash_sha1.o
 .debug_pubnames
                0x00002c42       0x2c Libraries\STM32F4xx_StdPeriph_Driver\src\stm32f4xx_hash_md5.o
 .debug_pubnames
                0x00002c6e      0x170 Libraries\STM32F4xx_StdPeriph_Driver\src\stm32f4xx_hash.o
 .debug_pubnames
                0x00002dde      0x12d Libraries\STM32F4xx_StdPeriph_Driver\src\stm32f4xx_gpio.o
 .debug_pubnames
                0x00002f0b      0x1a3 Libraries\STM32F4xx_StdPeriph_Driver\src\stm32f4xx_fsmc.o
 .debug_pubnames
                0x000030ae      0x2bd Libraries\STM32F4xx_StdPeriph_Driver\src\stm32f4xx_flash.o
 .debug_pubnames
                0x0000336b       0xbb Libraries\STM32F4xx_StdPeriph_Driver\src\stm32f4xx_exti.o
 .debug_pubnames
                0x00003426      0x1c9 Libraries\STM32F4xx_StdPeriph_Driver\src\stm32f4xx_dma.o
 .debug_pubnames
                0x000035ef      0x13a Libraries\STM32F4xx_StdPeriph_Driver\src\stm32f4xx_dcmi.o
 .debug_pubnames
                0x00003729       0x84 Libraries\STM32F4xx_StdPeriph_Driver\src\stm32f4xx_dbgmcu.o
 .debug_pubnames
                0x000037ad      0x17d Libraries\STM32F4xx_StdPeriph_Driver\src\stm32f4xx_dac.o
 .debug_pubnames
                0x0000392a       0x36 Libraries\STM32F4xx_StdPeriph_Driver\src\stm32f4xx_cryp_tdes.o
 .debug_pubnames
                0x00003960       0x34 Libraries\STM32F4xx_StdPeriph_Driver\src\stm32f4xx_cryp_des.o
 .debug_pubnames
                0x00003994       0x45 Libraries\STM32F4xx_StdPeriph_Driver\src\stm32f4xx_cryp_aes.o
 .debug_pubnames
                0x000039d9      0x14e Libraries\STM32F4xx_StdPeriph_Driver\src\stm32f4xx_cryp.o
 .debug_pubnames
                0x00003b27       0x82 Libraries\STM32F4xx_StdPeriph_Driver\src\stm32f4xx_crc.o
 .debug_pubnames
                0x00003ba9      0x208 Libraries\STM32F4xx_StdPeriph_Driver\src\stm32f4xx_can.o
 .debug_pubnames
                0x00003db1      0x446 Libraries\STM32F4xx_StdPeriph_Driver\src\stm32f4xx_adc.o
 .debug_pubnames
                0x000041f7       0x89 Libraries\STM32F4xx_StdPeriph_Driver\src\misc.o

.debug_pubtypes
                0x00000000     0x3a33
 .debug_pubtypes
                0x00000000       0x55 src\usbd_usr.o
 .debug_pubtypes
                0x00000055       0x5b src\usbd_desc.o
 .debug_pubtypes
                0x000000b0       0x6d src\usbd_cdc.o
 .debug_pubtypes
                0x0000011d      0x333 src\usb_bsp.o
 .debug_pubtypes
                0x00000450       0x83 src\system_stm32f4xx.o
 .debug_pubtypes
                0x000004d3      0x285 src\stm32f4xx_it.o
 .debug_pubtypes
                0x00000758      0x16e src\stm32f4_discovery.o
 .debug_pubtypes
                0x000008c6      0x285 src\main.o
 .debug_pubtypes
                0x00000b4b      0x5e1 Libraries\STM32_USB_OTG_Driver\src\usb_dcd_int.o
 .debug_pubtypes
                0x0000112c      0x307 Libraries\STM32_USB_OTG_Driver\src\usb_dcd.o
 .debug_pubtypes
                0x00001433      0x675 Libraries\STM32_USB_OTG_Driver\src\usb_core.o
 .debug_pubtypes
                0x00001aa8      0x2c8 Libraries\STM32_USB_Device_Library\Core\src\usbd_req.o
 .debug_pubtypes
                0x00001d70      0x295 Libraries\STM32_USB_Device_Library\Core\src\usbd_ioreq.o
 .debug_pubtypes
                0x00002005      0x2df Libraries\STM32_USB_Device_Library\Core\src\usbd_core.o
 .debug_pubtypes
                0x000022e4      0x2ae Libraries\STM32_USB_Device_Library\Class\cdc\src\usbd_cdc_core.o
 .debug_pubtypes
                0x00002592       0x57 Libraries\STM32F4xx_StdPeriph_Driver\src\stm32f4xx_wwdg.o
 .debug_pubtypes
                0x000025e9       0xcd Libraries\STM32F4xx_StdPeriph_Driver\src\stm32f4xx_usart.o
 .debug_pubtypes
                0x000026b6       0xe4 Libraries\STM32F4xx_StdPeriph_Driver\src\stm32f4xx_tim.o
 .debug_pubtypes
                0x0000279a       0x6d Libraries\STM32F4xx_StdPeriph_Driver\src\stm32f4xx_syscfg.o
 .debug_pubtypes
                0x00002807       0xbc Libraries\STM32F4xx_StdPeriph_Driver\src\stm32f4xx_spi.o
 .debug_pubtypes
                0x000028c3       0xbe Libraries\STM32F4xx_StdPeriph_Driver\src\stm32f4xx_sdio.o
 .debug_pubtypes
                0x00002981       0xd8 Libraries\STM32F4xx_StdPeriph_Driver\src\stm32f4xx_rtc.o
 .debug_pubtypes
                0x00002a59       0x77 Libraries\STM32F4xx_StdPeriph_Driver\src\stm32f4xx_rng.o
 .debug_pubtypes
                0x00002ad0       0xaa Libraries\STM32F4xx_StdPeriph_Driver\src\stm32f4xx_rcc.o
 .debug_pubtypes
                0x00002b7a       0x84 Libraries\STM32F4xx_StdPeriph_Driver\src\stm32f4xx_pwr.o
 .debug_pubtypes
                0x00002bfe       0x64 Libraries\STM32F4xx_StdPeriph_Driver\src\stm32f4xx_iwdg.o
 .debug_pubtypes
                0x00002c62       0xbe Libraries\STM32F4xx_StdPeriph_Driver\src\stm32f4xx_i2c.o
 .debug_pubtypes
                0x00002d20       0x7c Libraries\STM32F4xx_StdPeriph_Driver\src\stm32f4xx_hash_sha1.o
 .debug_pubtypes
                0x00002d9c       0x7c Libraries\STM32F4xx_StdPeriph_Driver\src\stm32f4xx_hash_md5.o
 .debug_pubtypes
                0x00002e18       0xbe Libraries\STM32F4xx_StdPeriph_Driver\src\stm32f4xx_hash.o
 .debug_pubtypes
                0x00002ed6       0xce Libraries\STM32F4xx_StdPeriph_Driver\src\stm32f4xx_gpio.o
 .debug_pubtypes
                0x00002fa4      0x174 Libraries\STM32F4xx_StdPeriph_Driver\src\stm32f4xx_fsmc.o
 .debug_pubtypes
                0x00003118       0x97 Libraries\STM32F4xx_StdPeriph_Driver\src\stm32f4xx_flash.o
 .debug_pubtypes
                0x000031af       0xae Libraries\STM32F4xx_StdPeriph_Driver\src\stm32f4xx_exti.o
 .debug_pubtypes
                0x0000325d       0xa3 Libraries\STM32F4xx_StdPeriph_Driver\src\stm32f4xx_dma.o
 .debug_pubtypes
                0x00003300       0xcd Libraries\STM32F4xx_StdPeriph_Driver\src\stm32f4xx_dcmi.o
 .debug_pubtypes
                0x000033cd       0x52 Libraries\STM32F4xx_StdPeriph_Driver\src\stm32f4xx_dbgmcu.o
 .debug_pubtypes
                0x0000341f       0x98 Libraries\STM32F4xx_StdPeriph_Driver\src\stm32f4xx_dac.o
 .debug_pubtypes
                0x000034b7       0x98 Libraries\STM32F4xx_StdPeriph_Driver\src\stm32f4xx_cryp_tdes.o
 .debug_pubtypes
                0x0000354f       0x98 Libraries\STM32F4xx_StdPeriph_Driver\src\stm32f4xx_cryp_des.o
 .debug_pubtypes
                0x000035e7       0x98 Libraries\STM32F4xx_StdPeriph_Driver\src\stm32f4xx_cryp_aes.o
 .debug_pubtypes
                0x0000367f       0xea Libraries\STM32F4xx_StdPeriph_Driver\src\stm32f4xx_cryp.o
 .debug_pubtypes
                0x00003769       0x54 Libraries\STM32F4xx_StdPeriph_Driver\src\stm32f4xx_crc.o
 .debug_pubtypes
                0x000037bd      0x121 Libraries\STM32F4xx_StdPeriph_Driver\src\stm32f4xx_can.o
 .debug_pubtypes
                0x000038de       0xc9 Libraries\STM32F4xx_StdPeriph_Driver\src\stm32f4xx_adc.o
 .debug_pubtypes
                0x000039a7       0x8c Libraries\STM32F4xx_StdPeriph_Driver\src\misc.o

.debug_str      0x00000000     0x8705
 .debug_str     0x00000000      0x1a5 src\usbd_usr.o
                                0x221 (size before relaxing)
 .debug_str     0x000001a5      0x208 src\usbd_desc.o
                                0x310 (size before relaxing)
 .debug_str     0x000003ad       0xf0 src\usbd_cdc.o
                                0x21c (size before relaxing)
 .debug_str     0x0000049d      0xcd8 src\usb_bsp.o
                               0x1020 (size before relaxing)
 .debug_str     0x00001175      0x1fe src\system_stm32f4xx.o
                                0x329 (size before relaxing)
 .debug_str     0x00001373       0xec src\stm32f4xx_it.o
                                0x950 (size before relaxing)
 .debug_str     0x0000145f      0x287 src\stm32f4_discovery.o
                                0xae5 (size before relaxing)
 .debug_str     0x000016e6       0x4b src\main.o
                                0x913 (size before relaxing)
 .debug_str     0x00001731      0x7d6 Libraries\STM32_USB_OTG_Driver\src\usb_dcd_int.o
                               0x1226 (size before relaxing)
 .debug_str     0x00001f07      0x126 Libraries\STM32_USB_OTG_Driver\src\usb_dcd.o
                                0xac8 (size before relaxing)
 .debug_str     0x0000202d      0x6a0 Libraries\STM32_USB_OTG_Driver\src\usb_core.o
                               0x1628 (size before relaxing)
 .debug_str     0x000026cd      0x174 Libraries\STM32_USB_Device_Library\Core\src\usbd_req.o
                                0xaa1 (size before relaxing)
 .debug_str     0x00002841       0xc4 Libraries\STM32_USB_Device_Library\Core\src\usbd_ioreq.o
                                0x960 (size before relaxing)
 .debug_str     0x00002905      0x104 Libraries\STM32_USB_Device_Library\Core\src\usbd_core.o
                                0xa76 (size before relaxing)
 .debug_str     0x00002a09      0x191 Libraries\STM32_USB_Device_Library\Class\cdc\src\usbd_cdc_core.o
                                0xac4 (size before relaxing)
 .debug_str     0x00002b9a       0xde Libraries\STM32F4xx_StdPeriph_Driver\src\stm32f4xx_wwdg.o
                                0x220 (size before relaxing)
 .debug_str     0x00002c78      0x485 Libraries\STM32F4xx_StdPeriph_Driver\src\stm32f4xx_usart.o
                                0x62d (size before relaxing)
 .debug_str     0x000030fd      0xb72 Libraries\STM32F4xx_StdPeriph_Driver\src\stm32f4xx_tim.o
                                0xd6e (size before relaxing)
 .debug_str     0x00003c6f      0x156 Libraries\STM32F4xx_StdPeriph_Driver\src\stm32f4xx_syscfg.o
                                0x29d (size before relaxing)
 .debug_str     0x00003dc5      0x399 Libraries\STM32F4xx_StdPeriph_Driver\src\stm32f4xx_spi.o
                                0x628 (size before relaxing)
 .debug_str     0x0000415e      0x474 Libraries\STM32F4xx_StdPeriph_Driver\src\stm32f4xx_sdio.o
                                0x5e9 (size before relaxing)